Component: ARM Compiler 5.06 update 5 (build 528) Tool: armlink [4d35e2]

==============================================================================

Section Cross References

    startup_stm32g431xx.o(RESET) refers to startup_stm32g431xx.o(STACK) for __initial_sp
    startup_stm32g431xx.o(RESET) refers to startup_stm32g431xx.o(.text) for Reset_Handler
    startup_stm32g431xx.o(RESET) refers to stm32g4xx_it.o(i.NMI_Handler) for NMI_Handler
    startup_stm32g431xx.o(RESET) refers to stm32g4xx_it.o(i.HardFault_Handler) for HardFault_Handler
    startup_stm32g431xx.o(RESET) refers to stm32g4xx_it.o(i.MemManage_Handler) for MemManage_Handler
    startup_stm32g431xx.o(RESET) refers to stm32g4xx_it.o(i.BusFault_Handler) for BusFault_Handler
    startup_stm32g431xx.o(RESET) refers to stm32g4xx_it.o(i.UsageFault_Handler) for UsageFault_Handler
    startup_stm32g431xx.o(RESET) refers to stm32g4xx_it.o(i.SVC_Handler) for SVC_Handler
    startup_stm32g431xx.o(RESET) refers to stm32g4xx_it.o(i.DebugMon_Handler) for DebugMon_Handler
    startup_stm32g431xx.o(RESET) refers to stm32g4xx_it.o(i.PendSV_Handler) for PendSV_Handler
    startup_stm32g431xx.o(RESET) refers to stm32g4xx_it.o(i.SysTick_Handler) for SysTick_Handler
    startup_stm32g431xx.o(RESET) refers to stm32g4xx_it.o(i.DMA1_Channel1_IRQHandler) for DMA1_Channel1_IRQHandler
    startup_stm32g431xx.o(RESET) refers to stm32g4xx_it.o(i.DMA1_Channel2_IRQHandler) for DMA1_Channel2_IRQHandler
    startup_stm32g431xx.o(RESET) refers to stm32g4xx_it.o(i.ADC1_2_IRQHandler) for ADC1_2_IRQHandler
    startup_stm32g431xx.o(RESET) refers to stm32g4xx_it.o(i.FDCAN1_IT0_IRQHandler) for FDCAN1_IT0_IRQHandler
    startup_stm32g431xx.o(RESET) refers to stm32g4xx_it.o(i.USART1_IRQHandler) for USART1_IRQHandler
    startup_stm32g431xx.o(RESET) refers to stm32g4xx_it.o(i.TIM7_IRQHandler) for TIM7_IRQHandler
    startup_stm32g431xx.o(.text) refers to system_stm32g4xx.o(i.SystemInit) for SystemInit
    startup_stm32g431xx.o(.text) refers to entry.o(.ARM.Collect$$$$00000000) for __main
    main.o(i.SystemClock_Config) refers to memseta.o(.text) for __aeabi_memclr4
    main.o(i.SystemClock_Config) refers to stm32g4xx_hal_pwr_ex.o(i.HAL_PWREx_ControlVoltageScaling) for HAL_PWREx_ControlVoltageScaling
    main.o(i.SystemClock_Config) refers to stm32g4xx_hal_rcc.o(i.HAL_RCC_OscConfig) for HAL_RCC_OscConfig
    main.o(i.SystemClock_Config) refers to stm32g4xx_hal_rcc.o(i.HAL_RCC_ClockConfig) for HAL_RCC_ClockConfig
    main.o(i.main) refers to stm32g4xx_hal.o(i.HAL_Init) for HAL_Init
    main.o(i.main) refers to main.o(i.SystemClock_Config) for SystemClock_Config
    main.o(i.main) refers to gpio.o(i.MX_GPIO_Init) for MX_GPIO_Init
    main.o(i.main) refers to dma.o(i.MX_DMA_Init) for MX_DMA_Init
    main.o(i.main) refers to adc.o(i.MX_ADC1_Init) for MX_ADC1_Init
    main.o(i.main) refers to spi.o(i.MX_SPI1_Init) for MX_SPI1_Init
    main.o(i.main) refers to tim.o(i.MX_TIM1_Init) for MX_TIM1_Init
    main.o(i.main) refers to usart.o(i.MX_USART1_UART_Init) for MX_USART1_UART_Init
    main.o(i.main) refers to cordic.o(i.MX_CORDIC_Init) for MX_CORDIC_Init
    main.o(i.main) refers to fdcan.o(i.MX_FDCAN1_Init) for MX_FDCAN1_Init
    main.o(i.main) refers to tim.o(i.MX_TIM7_Init) for MX_TIM7_Init
    main.o(i.main) refers to stm32g4xx_hal.o(i.HAL_Delay) for HAL_Delay
    main.o(i.main) refers to start.o(i.Enable_IT) for Enable_IT
    main.o(i.main) refers to mt6701.o(i.MT6701_ReadRaw) for MT6701_ReadRaw
    main.o(i.main) refers to main.o(.bss) for .bss
    gpio.o(i.MX_GPIO_Init) refers to memseta.o(.text) for __aeabi_memclr4
    gpio.o(i.MX_GPIO_Init) refers to stm32g4xx_hal_gpio.o(i.HAL_GPIO_WritePin) for HAL_GPIO_WritePin
    gpio.o(i.MX_GPIO_Init) refers to stm32g4xx_hal_gpio.o(i.HAL_GPIO_Init) for HAL_GPIO_Init
    adc.o(i.HAL_ADC_MspDeInit) refers to stm32g4xx_hal_gpio.o(i.HAL_GPIO_DeInit) for HAL_GPIO_DeInit
    adc.o(i.HAL_ADC_MspDeInit) refers to stm32g4xx_hal_cortex.o(i.HAL_NVIC_DisableIRQ) for HAL_NVIC_DisableIRQ
    adc.o(i.HAL_ADC_MspInit) refers to memseta.o(.text) for __aeabi_memclr4
    adc.o(i.HAL_ADC_MspInit) refers to stm32g4xx_hal_rcc_ex.o(i.HAL_RCCEx_PeriphCLKConfig) for HAL_RCCEx_PeriphCLKConfig
    adc.o(i.HAL_ADC_MspInit) refers to main.o(i.Error_Handler) for Error_Handler
    adc.o(i.HAL_ADC_MspInit) refers to stm32g4xx_hal_gpio.o(i.HAL_GPIO_Init) for HAL_GPIO_Init
    adc.o(i.HAL_ADC_MspInit) refers to stm32g4xx_hal_cortex.o(i.HAL_NVIC_SetPriority) for HAL_NVIC_SetPriority
    adc.o(i.HAL_ADC_MspInit) refers to stm32g4xx_hal_cortex.o(i.HAL_NVIC_EnableIRQ) for HAL_NVIC_EnableIRQ
    adc.o(i.MX_ADC1_Init) refers to memseta.o(.text) for __aeabi_memclr4
    adc.o(i.MX_ADC1_Init) refers to stm32g4xx_hal_adc.o(i.HAL_ADC_Init) for HAL_ADC_Init
    adc.o(i.MX_ADC1_Init) refers to main.o(i.Error_Handler) for Error_Handler
    adc.o(i.MX_ADC1_Init) refers to stm32g4xx_hal_adc_ex.o(i.HAL_ADCEx_MultiModeConfigChannel) for HAL_ADCEx_MultiModeConfigChannel
[...]
    i.HAL_UART_TxCpltCallback                0x08005320   Section        0  stm32g4xx_hal_uart.o(i.HAL_UART_TxCpltCallback)
    i.HAL_UART_TxHalfCpltCallback            0x08005322   Section        0  stm32g4xx_hal_uart.o(i.HAL_UART_TxHalfCpltCallback)
    i.HardFault_Handler                      0x08005324   Section        0  stm32g4xx_it.o(i.HardFault_Handler)
    i.LL_ADC_GetOffsetChannel                0x08005326   Section        0  stm32g4xx_hal_adc_ex.o(i.LL_ADC_GetOffsetChannel)
    LL_ADC_GetOffsetChannel                  0x08005327   Thumb Code    12  stm32g4xx_hal_adc_ex.o(i.LL_ADC_GetOffsetChannel)
    i.LL_ADC_INJ_IsConversionOngoing         0x08005332   Section        0  stm32g4xx_hal_adc.o(i.LL_ADC_INJ_IsConversionOngoing)
    LL_ADC_INJ_IsConversionOngoing           0x08005333   Thumb Code     8  stm32g4xx_hal_adc.o(i.LL_ADC_INJ_IsConversionOngoing)
    i.LL_ADC_INJ_IsConversionOngoing         0x0800533a   Section        0  stm32g4xx_hal_adc_ex.o(i.LL_ADC_INJ_IsConversionOngoing)
    LL_ADC_INJ_IsConversionOngoing           0x0800533b   Thumb Code     8  stm32g4xx_hal_adc_ex.o(i.LL_ADC_INJ_IsConversionOngoing)
    i.LL_ADC_REG_IsConversionOngoing         0x08005342   Section        0  stm32g4xx_hal_adc.o(i.LL_ADC_REG_IsConversionOngoing)
    LL_ADC_REG_IsConversionOngoing           0x08005343   Thumb Code     8  stm32g4xx_hal_adc.o(i.LL_ADC_REG_IsConversionOngoing)
    i.LL_ADC_REG_IsConversionOngoing         0x0800534a   Section        0  stm32g4xx_hal_adc_ex.o(i.LL_ADC_REG_IsConversionOngoing)
    LL_ADC_REG_IsConversionOngoing           0x0800534b   Thumb Code     8  stm32g4xx_hal_adc_ex.o(i.LL_ADC_REG_IsConversionOngoing)
    i.LL_ADC_REG_IsTriggerSourceSWStart      0x08005352   Section        0  stm32g4xx_hal_adc.o(i.LL_ADC_REG_IsTriggerSourceSWStart)
    LL_ADC_REG_IsTriggerSourceSWStart        0x08005353   Thumb Code    16  stm32g4xx_hal_adc.o(i.LL_ADC_REG_IsTriggerSourceSWStart)
    i.LL_ADC_SetChannelSamplingTime          0x08005362   Section        0  stm32g4xx_hal_adc_ex.o(i.LL_ADC_SetChannelSamplingTime)
    LL_ADC_SetChannelSamplingTime            0x08005363   Thumb Code    30  stm32g4xx_hal_adc_ex.o(i.LL_ADC_SetChannelSamplingTime)
    i.LL_ADC_SetOffsetState                  0x08005380   Section        0  stm32g4xx_hal_adc_ex.o(i.LL_ADC_SetOffsetState)
    LL_ADC_SetOffsetState                    0x08005381   Thumb Code    16  stm32g4xx_hal_adc_ex.o(i.LL_ADC_SetOffsetState)
    i.MT6701_ReadRaw                         0x08005390   Section        0  mt6701.o(i.MT6701_ReadRaw)
    i.MX_ADC1_Init                           0x080053dc   Section        0  adc.o(i.MX_ADC1_Init)
    i.MX_CORDIC_Init                         0x080054d8   Section        0  cordic.o(i.MX_CORDIC_Init)
    i.MX_DMA_Init                            0x080054fc   Section        0  dma.o(i.MX_DMA_Init)
    i.MX_FDCAN1_Init                         0x08005548   Section        0  fdcan.o(i.MX_FDCAN1_Init)
    i.MX_GPIO_Init                           0x08005598   Section        0  gpio.o(i.MX_GPIO_Init)
    i.MX_SPI1_Init                           0x08005638   Section        0  spi.o(i.MX_SPI1_Init)
    i.MX_TIM1_Init                           0x08005688   Section        0  tim.o(i.MX_TIM1_Init)
    i.MX_TIM7_Init                           0x080057ac   Section        0  tim.o(i.MX_TIM7_Init)
    i.MX_USART1_UART_Init                    0x080057f4   Section        0  usart.o(i.MX_USART1_UART_Init)
    i.MemManage_Handler                      0x0800585c   Section        0  stm32g4xx_it.o(i.MemManage_Handler)
    i.Mode_Task                              0x08005860   Section        0  motor.o(i.Mode_Task)
    i.My_Task                                0x08005a18   Section        0  motor.o(i.My_Task)
    i.NMI_Handler                            0x08005a70   Section        0  stm32g4xx_it.o(i.NMI_Handler)
    i.PID_I_Control                          0x08005a72   Section        0  pid.o(i.PID_I_Control)
    i.PID_Position_Control                   0x08005c08   Section        0  pid.o(i.PID_Position_Control)
    i.PID_Speed_Control                      0x08005d0c   Section        0  pid.o(i.PID_Speed_Control)
    i.PendSV_Handler                         0x08005e58   Section        0  stm32g4xx_it.o(i.PendSV_Handler)
    i.Planner_Position_Init                  0x08005e5a   Section        0  pid.o(i.Planner_Position_Init)
    i.Planner_Position_Update                0x08005e6c   Section        0  pid.o(i.Planner_Position_Update)
    i.Planner_Speed_Init                     0x08005fb4   Section        0  pid.o(i.Planner_Speed_Init)
    i.Planner_Speed_Update                   0x08005fc4   Section        0  pid.o(i.Planner_Speed_Update)
    i.SPI_EndRxTxTransaction                 0x08006028   Section        0  stm32g4xx_hal_spi.o(i.SPI_EndRxTxTransaction)
    SPI_EndRxTxTransaction                   0x08006029   Thumb Code    72  stm32g4xx_hal_spi.o(i.SPI_EndRxTxTransaction)
    i.SPI_WaitFifoStateUntilTimeout          0x08006070   Section        0  stm32g4xx_hal_spi.o(i.SPI_WaitFifoStateUntilTimeout)
    SPI_WaitFifoStateUntilTimeout            0x08006071   Thumb Code   218  stm32g4xx_hal_spi.o(i.SPI_WaitFifoStateUntilTimeout)
    i.SPI_WaitFlagStateUntilTimeout          0x08006150   Section        0  stm32g4xx_hal_spi.o(i.SPI_WaitFlagStateUntilTimeout)
    SPI_WaitFlagStateUntilTimeout            0x08006151   Thumb Code   180  stm32g4xx_hal_spi.o(i.SPI_WaitFlagStateUntilTimeout)
    i.SVC_Handler                            0x08006208   Section        0  stm32g4xx_it.o(i.SVC_Handler)
    i.SVPWM_Zero                             0x0800620c   Section        0  foc.o(i.SVPWM_Zero)
    i.SysTick_Handler                        0x08006320   Section        0  stm32g4xx_it.o(i.SysTick_Handler)
    i.SystemClock_Config                     0x08006324   Section        0  main.o(i.SystemClock_Config)
    i.SystemInit                             0x08006388   Section        0  system_stm32g4xx.o(i.SystemInit)
    i.TIM7_IRQHandler                        0x08006398   Section        0  stm32g4xx_it.o(i.TIM7_IRQHandler)
    i.TIM_Base_SetConfig                     0x080063a4   Section        0  stm32g4xx_hal_tim.o(i.TIM_Base_SetConfig)
    i.TIM_CCxChannelCmd                      0x08006460   Section        0  stm32g4xx_hal_tim.o(i.TIM_CCxChannelCmd)
    i.TIM_CCxNChannelCmd                     0x0800647a   Section        0  stm32g4xx_hal_tim_ex.o(i.TIM_CCxNChannelCmd)
    TIM_CCxNChannelCmd                       0x0800647b   Thumb Code    26  stm32g4xx_hal_tim_ex.o(i.TIM_CCxNChannelCmd)
    i.TIM_ETR_SetConfig                      0x08006494   Section        0  stm32g4xx_hal_tim.o(i.TIM_ETR_SetConfig)
    i.TIM_ITRx_SetConfig                     0x080064a8   Section        0  stm32g4xx_hal_tim.o(i.TIM_ITRx_SetConfig)
    TIM_ITRx_SetConfig                       0x080064a9   Thumb Code    16  stm32g4xx_hal_tim.o(i.TIM_ITRx_SetConfig)
    i.TIM_OC1_SetConfig                      0x080064bc   Section        0  stm32g4xx_hal_tim.o(i.TIM_OC1_SetConfig)
    TIM_OC1_SetConfig                        0x080064bd   Thumb Code   132  stm32g4xx_hal_tim.o(i.TIM_OC1_SetConfig)
    i.TIM_OC2_SetConfig                      0x08006558   Section        0  stm32g4xx_hal_tim.o(i.TIM_OC2_SetConfig)
    i.TIM_OC3_SetConfig                      0x080065e8   Section        0  stm32g4xx_hal_tim.o(i.TIM_OC3_SetConfig)
    TIM_OC3_SetConfig                        0x080065e9   Thumb Code   118  stm32g4xx_hal_tim.o(i.TIM_OC3_SetConfig)
    i.TIM_OC4_SetConfig                      0x08006678   Section        0  stm32g4xx_hal_tim.o(i.TIM_OC4_SetConfig)
    TIM_OC4_SetConfig                        0x08006679   Thumb Code   120  stm32g4xx_hal_tim.o(i.TIM_OC4_SetConfig)
    i.TIM_OC5_SetConfig                      0x08006708   Section        0  stm32g4xx_hal_tim.o(i.TIM_OC5_SetConfig)
    TIM_OC5_SetConfig                        0x08006709   Thumb Code    86  stm32g4xx_hal_tim.o(i.TIM_OC5_SetConfig)
    i.TIM_OC6_SetConfig                      0x08006778   Section        0  stm32g4xx_hal_tim.o(i.TIM_OC6_SetConfig)
    TIM_OC6_SetConfig                        0x08006779   Thumb Code    88  stm32g4xx_hal_tim.o(i.TIM_OC6_SetConfig)
    i.TIM_TI1_ConfigInputStage               0x080067e8   Section        0  stm32g4xx_hal_tim.o(i.TIM_TI1_ConfigInputStage)
    TIM_TI1_ConfigInputStage                 0x080067e9   Thumb Code    34  stm32g4xx_hal_tim.o(i.TIM_TI1_ConfigInputStage)
    i.TIM_TI2_ConfigInputStage               0x0800680a   Section        0  stm32g4xx_hal_tim.o(i.TIM_TI2_ConfigInputStage)
    TIM_TI2_ConfigInputStage                 0x0800680b   Thumb Code    36  stm32g4xx_hal_tim.o(i.TIM_TI2_ConfigInputStage)
    i.UARTEx_SetNbDataToProcess              0x08006830   Section        0  stm32g4xx_hal_uart_ex.o(i.UARTEx_SetNbDataToProcess)
    UARTEx_SetNbDataToProcess                0x08006831   Thumb Code    62  stm32g4xx_hal_uart_ex.o(i.UARTEx_SetNbDataToProcess)
    i.UART_AdvFeatureConfig                  0x08006874   Section        0  stm32g4xx_hal_uart.o(i.UART_AdvFeatureConfig)
    i.UART_CheckIdleState                    0x0800693c   Section        0  stm32g4xx_hal_uart.o(i.UART_CheckIdleState)
    i.UART_DMAAbortOnError                   0x080069e8   Section        0  stm32g4xx_hal_uart.o(i.UART_DMAAbortOnError)
    UART_DMAAbortOnError                     0x080069e9   Thumb Code    20  stm32g4xx_hal_uart.o(i.UART_DMAAbortOnError)
    i.UART_DMAError                          0x080069fc   Section        0  stm32g4xx_hal_uart.o(i.UART_DMAError)
    UART_DMAError                            0x080069fd   Thumb Code    80  stm32g4xx_hal_uart.o(i.UART_DMAError)
    i.UART_DMAReceiveCplt                    0x08006a4c   Section        0  stm32g4xx_hal_uart.o(i.UART_DMAReceiveCplt)
    UART_DMAReceiveCplt                      0x08006a4d   Thumb Code   134  stm32g4xx_hal_uart.o(i.UART_DMAReceiveCplt)
    i.UART_DMARxHalfCplt                     0x08006ad2   Section        0  stm32g4xx_hal_uart.o(i.UART_DMARxHalfCplt)
    UART_DMARxHalfCplt                       0x08006ad3   Thumb Code    32  stm32g4xx_hal_uart.o(i.UART_DMARxHalfCplt)
    i.UART_DMATransmitCplt                   0x08006af2   Section        0  stm32g4xx_hal_uart.o(i.UART_DMATransmitCplt)
    UART_DMATransmitCplt                     0x08006af3   Thumb Code    66  stm32g4xx_hal_uart.o(i.UART_DMATransmitCplt)
    i.UART_DMATxHalfCplt                     0x08006b34   Section        0  stm32g4xx_hal_uart.o(i.UART_DMATxHalfCplt)
    UART_DMATxHalfCplt                       0x08006b35   Thumb Code    10  stm32g4xx_hal_uart.o(i.UART_DMATxHalfCplt)
    i.UART_EndRxTransfer                     0x08006b40   Section        0  stm32g4xx_hal_uart.o(i.UART_EndRxTransfer)
    UART_EndRxTransfer                       0x08006b41   Thumb Code    78  stm32g4xx_hal_uart.o(i.UART_EndRxTransfer)
    i.UART_EndTxTransfer                     0x08006b94   Section        0  stm32g4xx_hal_uart.o(i.UART_EndTxTransfer)
    UART_EndTxTransfer                       0x08006b95   Thumb Code    46  stm32g4xx_hal_uart.o(i.UART_EndTxTransfer)
    i.UART_SetConfig                         0x08006bc4   Section        0  stm32g4xx_hal_uart.o(i.UART_SetConfig)
    i.UART_Start_Receive_DMA                 0x08006e38   Section        0  stm32g4xx_hal_uart.o(i.UART_Start_Receive_DMA)
    i.UART_WaitOnFlagUntilTimeout            0x08006ee0   Section        0  stm32g4xx_hal_uart.o(i.UART_WaitOnFlagUntilTimeout)
    i.USART1_IRQHandler                      0x08006f74   Section        0  stm32g4xx_it.o(i.USART1_IRQHandler)
    i.UsageFault_Handler                     0x08006fcc   Section        0  stm32g4xx_it.o(i.UsageFault_Handler)
    i.__NVIC_SetPriority                     0x08006fce   Section        0  stm32g4xx_hal_cortex.o(i.__NVIC_SetPriority)
    __NVIC_SetPriority                       0x08006fcf   Thumb Code    32  stm32g4xx_hal_cortex.o(i.__NVIC_SetPriority)
    i.__hardfp_fmod                          0x08006ff0   Section        0  fmod.o(i.__hardfp_fmod)
    i.__hardfp_sqrt                          0x080070f4   Section        0  sqrt.o(i.__hardfp_sqrt)
    i.__mathlib_dbl_invalid                  0x08007170   Section        0  dunder.o(i.__mathlib_dbl_invalid)
    i.__scatterload_copy                     0x08007190   Section       14  handlers.o(i.__scatterload_copy)
    i.__scatterload_null                     0x0800719e   Section        2  handlers.o(i.__scatterload_null)
    i.__scatterload_zeroinit                 0x080071a0   Section       14  handlers.o(i.__scatterload_zeroinit)
    i.__set_errno                            0x080071b0   Section        0  errno.o(i.__set_errno)
    i.cordic_config                          0x080071bc   Section        0  my_cordic.o(i.cordic_config)
    i.main                                   0x080071e8   Section        0  main.o(i.main)
    .constdata                               0x08007230   Section       76  filter.o(.constdata)
    .constdata                               0x0800727c   Section       16  stm32g4xx_hal_fdcan.o(.constdata)
    DLCtoBytes                               0x0800727c   Data          16  stm32g4xx_hal_fdcan.o(.constdata)
    .constdata                               0x0800728c   Section       24  stm32g4xx_hal_uart.o(.constdata)
    .constdata                               0x080072a4   Section       16  stm32g4xx_hal_uart_ex.o(.constdata)
    numerator                                0x080072a4   Data           8  stm32g4xx_hal_uart_ex.o(.constdata)
    denominator                              0x080072ac   Data           8  stm32g4xx_hal_uart_ex.o(.constdata)
    .constdata                               0x080072b4   Section       16  system_stm32g4xx.o(.constdata)
    .constdata                               0x080072c4   Section        8  system_stm32g4xx.o(.constdata)
    .data                                    0x20000000   Section        8  main.o(.data)
    .data                                    0x20000008   Section        8  main.o(.data)
    .data                                    0x20000010   Section        1  start.o(.data)
    .data                                    0x20000014   Section        8  motor.o(.data)
    last_speed_set                           0x20000014   Data           4  motor.o(.data)
    last_angle_set                           0x20000018   Data           4  motor.o(.data)
    .data                                    0x2000001c   Section        8  filter.o(.data)
    .data                                    0x20000024   Section       22  my_can.o(.data)
    i                                        0x20000026   Data           2  my_can.o(.data)
    .data                                    0x2000003c   Section       12  stm32g4xx_hal.o(.data)
    .data                                    0x20000048   Section        4  system_stm32g4xx.o(.data)
    .data                                    0x2000004c   Section        4  errno.o(.data)
    _errno                                   0x2000004c   Data           4  errno.o(.data)
    .bss                                     0x20000050   Section       80  main.o(.bss)
    .bss                                     0x200000a0   Section       80  main.o(.bss)
    .bss                                     0x200000f0   Section       92  main.o(.bss)
    .bss                                     0x2000014c   Section      196  main.o(.bss)
    .bss                                     0x20000210   Section       16  main.o(.bss)
    .bss                                     0x20000220   Section      108  adc.o(.bss)
    .bss                                     0x2000028c   Section       40  cordic.o(.bss)
    .bss                                     0x200002b4   Section      100  fdcan.o(.bss)
    .bss                                     0x20000318   Section      100  spi.o(.bss)
    .bss                                     0x2000037c   Section      152  tim.o(.bss)
    .bss                                     0x20000414   Section      340  usart.o(.bss)
    .bss                                     0x20000568   Section      100  start.o(.bss)
    .bss                                     0x200005cc   Section       28  my_cordic.o(.bss)
    .bss                                     0x200005e8   Section       88  filter.o(.bss)
    .bss                                     0x20000640   Section      100  my_can.o(.bss)
    STACK                                    0x200006a8   Section     1024  startup_stm32g431xx.o(STACK)

    Global Symbols

    Symbol Name                              Value     Ov Type        Size  Object(Section)

    BuildAttributes$$THM_ISAv4$E$P$D$K$B$S$7EM$VFPi3$EXTD16$VFPS$VFMA$PE$A:L22UL41UL21$X:L11$S22US41US21$IEEE1$IW$USESV6$~STKCKD$USESV7$~SHL$OTIME$ROPI$IEEEX$EBA8$MICROLIB$REQ8$PRES8$EABIv2 0x00000000   Number         0  anon$$obj.o ABSOLUTE
    __ARM_use_no_argv                        0x00000000   Number         0  main.o ABSOLUTE
    __cpp_initialize__aeabi_                  - Undefined Weak Reference
    __cxa_finalize                            - Undefined Weak Reference
    __decompress                              - Undefined Weak Reference
    _clock_init                               - Undefined Weak Reference
    _microlib_exit                            - Undefined Weak Reference
    __Vectors_Size                           0x000001d8   Number         0  startup_stm32g431xx.o ABSOLUTE
    __Vectors                                0x08000000   Data           4  startup_stm32g431xx.o(RESET)
    __Vectors_End                            0x080001d8   Data           0  startup_stm32g431xx.o(RESET)
    __main                                   0x080001d9   Thumb Code     0  entry.o(.ARM.Collect$$$$00000000)
    _main_stk                                0x080001d9   Thumb Code     0  entry2.o(.ARM.Collect$$$$00000001)
    _main_scatterload                        0x080001dd   Thumb Code     0  entry5.o(.ARM.Collect$$$$00000004)
    __main_after_scatterload                 0x080001e1   Thumb Code     0  entry5.o(.ARM.Collect$$$$00000004)
    _main_clock                              0x080001e1   Thumb Code     0  entry7b.o(.ARM.Collect$$$$00000008)
    _main_cpp_init                           0x080001e1   Thumb Code     0  entry8b.o(.ARM.Collect$$$$0000000A)
    _main_init                               0x080001e1   Thumb Code     0  entry9a.o(.ARM.Collect$$$$0000000B)
    __rt_final_cpp                           0x080001e9   Thumb Code     0  entry10a.o(.ARM.Collect$$$$0000000D)
    __rt_final_exit                          0x080001e9   Thumb Code     0  entry11a.o(.ARM.Collect$$$$0000000F)
    Reset_Handler                            0x080001ed   Thumb Code     8  startup_stm32g431xx.o(.text)
    COMP1_2_3_IRQHandler                     0x08000207   Thumb Code     0  startup_stm32g431xx.o(.text)
    COMP4_IRQHandler                         0x08000207   Thumb Code     0  startup_stm32g431xx.o(.text)
    CORDIC_IRQHandler                        0x08000207   Thumb Code     0  startup_stm32g431xx.o(.text)
    CRS_IRQHandler                           0x08000207   Thumb Code     0  startup_stm32g431xx.o(.text)
    DMA1_Channel3_IRQHandler                 0x08000207   Thumb Code     0  startup_stm32g431xx.o(.text)
    DMA1_Channel4_IRQHandler                 0x08000207   Thumb Code     0  startup_stm32g431xx.o(.text)
    DMA1_Channel5_IRQHandler                 0x08000207   Thumb Code     0  startup_stm32g431xx.o(.text)
    DMA1_Channel6_IRQHandler                 0x08000207   Thumb Code     0  startup_stm32g431xx.o(.text)
    DMA2_Channel1_IRQHandler                 0x08000207   Thumb Code     0  startup_stm32g431xx.o(.text)
    DMA2_Channel2_IRQHandler                 0x08000207   Thumb Code     0  startup_stm32g431xx.o(.text)
    DMA2_Channel3_IRQHandler                 0x08000207   Thumb Code     0  startup_stm32g431xx.o(.text)
    DMA2_Channel4_IRQHandler                 0x08000207   Thumb Code     0  startup_stm32g431xx.o(.text)
    DMA2_Channel5_IRQHandler                 0x08000207   Thumb Code     0  startup_stm32g431xx.o(.text)
    DMA2_Channel6_IRQHandler                 0x08000207   Thumb Code     0  startup_stm32g431xx.o(.text)
    DMAMUX_OVR_IRQHandler                    0x08000207   Thumb Code     0  startup_stm32g431xx.o(.text)
    EXTI0_IRQHandler                         0x08000207   Thumb Code     0  startup_stm32g431xx.o(.text)
    EXTI15_10_IRQHandler                     0x08000207   Thumb Code     0  startup_stm32g431xx.o(.text)
    EXTI1_IRQHandler                         0x08000207   Thumb Code     0  startup_stm32g431xx.o(.text)
    EXTI2_IRQHandler                         0x08000207   Thumb Code     0  startup_stm32g431xx.o(.text)
    EXTI3_IRQHandler                         0x08000207   Thumb Code     0  startup_stm32g431xx.o(.text)
    EXTI4_IRQHandler                         0x08000207   Thumb Code     0  startup_stm32g431xx.o(.text)
    EXTI9_5_IRQHandler                       0x08000207   Thumb Code     0  startup_stm32g431xx.o(.text)
    FDCAN1_IT1_IRQHandler                    0x08000207   Thumb Code     0  startup_stm32g431xx.o(.text)
    FLASH_IRQHandler                         0x08000207   Thumb Code     0  startup_stm32g431xx.o(.text)
    FMAC_IRQHandler                          0x08000207   Thumb Code     0  startup_stm32g431xx.o(.text)
    FPU_IRQHandler                           0x08000207   Thumb Code     0  startup_stm32g431xx.o(.text)
    I2C1_ER_IRQHandler                       0x08000207   Thumb Code     0  startup_stm32g431xx.o(.text)
    I2C1_EV_IRQHandler                       0x08000207   Thumb Code     0  startup_stm32g431xx.o(.text)
    I2C2_ER_IRQHandler                       0x08000207   Thumb Code     0  startup_stm32g431xx.o(.text)
    I2C2_EV_IRQHandler                       0x08000207   Thumb Code     0  startup_stm32g431xx.o(.text)
    I2C3_ER_IRQHandler                       0x08000207   Thumb Code     0  startup_stm32g431xx.o(.text)
    I2C3_EV_IRQHandler                       0x08000207   Thumb Code     0  startup_stm32g431xx.o(.text)
    LPTIM1_IRQHandler                        0x08000207   Thumb Code     0  startup_stm32g431xx.o(.text)
    LPUART1_IRQHandler                       0x08000207   Thumb Code     0  startup_stm32g431xx.o(.text)
    PVD_PVM_IRQHandler                       0x08000207   Thumb Code     0  startup_stm32g431xx.o(.text)
    RCC_IRQHandler                           0x08000207   Thumb Code     0  startup_stm32g431xx.o(.text)
    RNG_IRQHandler                           0x08000207   Thumb Code     0  startup_stm32g431xx.o(.text)
    RTC_Alarm_IRQHandler                     0x08000207   Thumb Code     0  startup_stm32g431xx.o(.text)
    RTC_TAMP_LSECSS_IRQHandler               0x08000207   Thumb Code     0  startup_stm32g431xx.o(.text)
    RTC_WKUP_IRQHandler                      0x08000207   Thumb Code     0  startup_stm32g431xx.o(.text)
    SAI1_IRQHandler                          0x08000207   Thumb Code     0  startup_stm32g431xx.o(.text)
    SPI1_IRQHandler                          0x08000207   Thumb Code     0  startup_stm32g431xx.o(.text)
    SPI2_IRQHandler                          0x08000207   Thumb Code     0  startup_stm32g431xx.o(.text)
    SPI3_IRQHandler                          0x08000207   Thumb Code     0  startup_stm32g431xx.o(.text)
    TIM1_BRK_TIM15_IRQHandler                0x08000207   Thumb Code     0  startup_stm32g431xx.o(.text)
    TIM1_CC_IRQHandler                       0x08000207   Thumb Code     0  startup_stm32g431xx.o(.text)
    TIM1_TRG_COM_TIM17_IRQHandler            0x08000207   Thumb Code     0  startup_stm32g431xx.o(.text)
    TIM1_UP_TIM16_IRQHandler                 0x08000207   Thumb Code     0  startup_stm32g431xx.o(.text)
    TIM2_IRQHandler                          0x08000207   Thumb Code     0  startup_stm32g431xx.o(.text)
    TIM3_IRQHandler                          0x08000207   Thumb Code     0  startup_stm32g431xx.o(.text)
    TIM4_IRQHandler                          0x08000207   Thumb Code     0  startup_stm32g431xx.o(.text)
    TIM6_DAC_IRQHandler                      0x08000207   Thumb Code     0  startup_stm32g431xx.o(.text)
    TIM8_BRK_IRQHandler                      0x08000207   Thumb Code     0  startup_stm32g431xx.o(.text)
    TIM8_CC_IRQHandler                       0x08000207   Thumb Code     0  startup_stm32g431xx.o(.text)
    TIM8_TRG_COM_IRQHandler                  0x08000207   Thumb Code     0  startup_stm32g431xx.o(.text)
    TIM8_UP_IRQHandler                       0x08000207   Thumb Code     0  startup_stm32g431xx.o(.text)
    UART4_IRQHandler                         0x08000207   Thumb Code     0  startup_stm32g431xx.o(.text)
    UCPD1_IRQHandler                         0x08000207   Thumb Code     0  startup_stm32g431xx.o(.text)
    USART2_IRQHandler                        0x08000207   Thumb Code     0  startup_stm32g431xx.o(.text)
    USART3_IRQHandler                        0x08000207   Thumb Code     0  startup_stm32g431xx.o(.text)
    USBWakeUp_IRQHandler                     0x08000207   Thumb Code     0  startup_stm32g431xx.o(.text)
    USB_HP_IRQHandler                        0x08000207   Thumb Code     0  startup_stm32g431xx.o(.text)
    USB_LP_IRQHandler                        0x08000207   Thumb Code     0  startup_stm32g431xx.o(.text)
    WWDG_IRQHandler                          0x08000207   Thumb Code     0  startup_stm32g431xx.o(.text)
    __aeabi_uldivmod                         0x08000211   Thumb Code    98  uldiv.o(.text)
    __aeabi_memset                           0x08000273   Thumb Code    14  memseta.o(.text)
    __aeabi_memset4                          0x08000273   Thumb Code     0  memseta.o(.text)
    __aeabi_memset8                          0x08000273   Thumb Code     0  memseta.o(.text)
    __aeabi_memclr                           0x08000281   Thumb Code     4  memseta.o(.text)
    __aeabi_memclr4                          0x08000281   Thumb Code     0  memseta.o(.text)
    __aeabi_memclr8                          0x08000281   Thumb Code     0  memseta.o(.text)
    _memset$wrapper                          0x08000285   Thumb Code    18  memseta.o(.text)
    __aeabi_dadd                             0x08000297   Thumb Code   322  dadd.o(.text)
    __aeabi_dsub                             0x080003d9   Thumb Code     6  dadd.o(.text)
    __aeabi_drsub                            0x080003df   Thumb Code     6  dadd.o(.text)
    __aeabi_dmul                             0x080003e5   Thumb Code   228  dmul.o(.text)
    __aeabi_i2d                              0x080004c9   Thumb Code    34  dflti.o(.text)
    __aeabi_f2d                              0x080004eb   Thumb Code    38  f2d.o(.text)
    __aeabi_cdcmpeq                          0x08000511   Thumb Code     0  cdcmple.o(.text)
    __aeabi_cdcmple                          0x08000511   Thumb Code    48  cdcmple.o(.text)
    __aeabi_d2f                              0x08000541   Thumb Code    56  d2f.o(.text)
    __aeabi_llsl                             0x08000579   Thumb Code    30  llshl.o(.text)
    _ll_shift_l                              0x08000579   Thumb Code     0  llshl.o(.text)
    __aeabi_llsr                             0x08000597   Thumb Code    32  llushr.o(.text)
    _ll_ushift_r                             0x08000597   Thumb Code     0  llushr.o(.text)
    __aeabi_lasr                             0x080005b7   Thumb Code    36  llsshr.o(.text)
    _ll_sshift_r                             0x080005b7   Thumb Code     0  llsshr.o(.text)
    __I$use$fp                               0x080005db   Thumb Code     0  iusefp.o(.text)
    _float_round                             0x080005db   Thumb Code    18  fepilogue.o(.text)
    _float_epilogue                          0x080005ed   Thumb Code    92  fepilogue.o(.text)
    _double_round                            0x08000649   Thumb Code    30  depilogue.o(.text)
    _double_epilogue                         0x08000667   Thumb Code   156  depilogue.o(.text)
    _dsqrt                                   0x08000703   Thumb Code   162  dsqrt.o(.text)
    _drem                                    0x080007a5   Thumb Code   134  drem.o(.text)
    __scatterload                            0x0800082d   Thumb Code    28  init.o(.text)
    __scatterload_rt2                        0x0800082d   Thumb Code     0  init.o(.text)
    __aeabi_ddiv                             0x08000851   Thumb Code   222  ddiv.o(.text)
    arm_fir_f32                              0x08000931   Thumb Code  1196  arm_fir_f32.o(.text.arm_fir_f32)
    arm_fir_init_f32                         0x08000ddd   Thumb Code    32  arm_fir_init_f32.o(.text.arm_fir_init_f32)
    ADC1_2_IRQHandler                        0x08000dfd   Thumb Code     6  stm32g4xx_it.o(i.ADC1_2_IRQHandler)
    ADC_Disable                              0x08000e09   Thumb Code   106  stm32g4xx_hal_adc.o(i.ADC_Disable)
    ADC_Enable                               0x08000e79   Thumb Code   154  stm32g4xx_hal_adc.o(i.ADC_Enable)
    Adc_Task                                 0x08000f25   Thumb Code   438  motor.o(i.Adc_Task)
    Angle_Limit                              0x08001105   Thumb Code    36  motor.o(i.Angle_Limit)
    BusFault_Handler                         0x08001129   Thumb Code     2  stm32g4xx_it.o(i.BusFault_Handler)
    CANFD_Init_Config                        0x0800112d   Thumb Code    50  my_can.o(i.CANFD_Init_Config)
    CANFD_ReceiveDate                        0x08001169   Thumb Code    50  my_can.o(i.CANFD_ReceiveDate)
    CANFD_Send                               0x080011a1   Thumb Code    68  my_can.o(i.CANFD_Send)
    Calculate_Float_Sin_Cos                  0x080011f1   Thumb Code    78  my_cordic.o(i.Calculate_Float_Sin_Cos)
    Clark_Park                               0x08001251   Thumb Code   110  foc.o(i.Clark_Park)
    Coridc_Angle                             0x080012c5   Thumb Code    40  motor.o(i.Coridc_Angle)
    DMA1_Channel1_IRQHandler                 0x080012f9   Thumb Code     6  stm32g4xx_it.o(i.DMA1_Channel1_IRQHandler)
    DMA1_Channel2_IRQHandler                 0x08001305   Thumb Code     6  stm32g4xx_it.o(i.DMA1_Channel2_IRQHandler)
    Data_Init                                0x080013b5   Thumb Code   466  motor.o(i.Data_Init)
    DebugMon_Handler                         0x080015cd   Thumb Code     2  stm32g4xx_it.o(i.DebugMon_Handler)
    ElectAngle_Limit                         0x080015d1   Thumb Code    66  foc.o(i.ElectAngle_Limit)
    Enable_IT                                0x08001621   Thumb Code   156  start.o(i.Enable_IT)
    Encoder_Task                             0x080016d1   Thumb Code   408  motor.o(i.Encoder_Task)
    Error_Handler                            0x0800189d   Thumb Code     4  main.o(i.Error_Handler)
    FDCAN1_IT0_IRQHandler                    0x080018a1   Thumb Code     6  stm32g4xx_it.o(i.FDCAN1_IT0_IRQHandler)
    FIR_DSP_Init                             0x08001911   Thumb Code    24  filter.o(i.FIR_DSP_Init)
    Filter_DSP_Fir                           0x08001935   Thumb Code    24  filter.o(i.Filter_DSP_Fir)
    HAL_ADCEx_Calibration_Start              0x08001951   Thumb Code   138  stm32g4xx_hal_adc_ex.o(i.HAL_ADCEx_Calibration_Start)
    HAL_ADCEx_EndOfSamplingCallback          0x080019e5   Thumb Code     2  stm32g4xx_hal_adc_ex.o(i.HAL_ADCEx_EndOfSamplingCallback)
    HAL_ADCEx_InjectedConfigChannel          0x080019e9   Thumb Code  1264  stm32g4xx_hal_adc_ex.o(i.HAL_ADCEx_InjectedConfigChannel)
    HAL_ADCEx_InjectedConvCpltCallback       0x08001f01   Thumb Code    72  stm32g4xx_it.o(i.HAL_ADCEx_InjectedConvCpltCallback)
    HAL_ADCEx_InjectedQueueOverflowCallback  0x08001f4d   Thumb Code     2  stm32g4xx_hal_adc_ex.o(i.HAL_ADCEx_InjectedQueueOverflowCallback)
    HAL_ADCEx_InjectedStart                  0x08001f51   Thumb Code   220  stm32g4xx_hal_adc_ex.o(i.HAL_ADCEx_InjectedStart)
    HAL_ADCEx_LevelOutOfWindow2Callback      0x08002039   Thumb Code     2  stm32g4xx_hal_adc_ex.o(i.HAL_ADCEx_LevelOutOfWindow2Callback)
    HAL_ADCEx_LevelOutOfWindow3Callback      0x0800203b   Thumb Code     2  stm32g4xx_hal_adc_ex.o(i.HAL_ADCEx_LevelOutOfWindow3Callback)
    HAL_ADCEx_MultiModeConfigChannel         0x0800203d   Thumb Code   208  stm32g4xx_hal_adc_ex.o(i.HAL_ADCEx_MultiModeConfigChannel)
    HAL_ADC_ConvCpltCallback                 0x08002115   Thumb Code     2  stm32g4xx_hal_adc.o(i.HAL_ADC_ConvCpltCallback)
    HAL_ADC_ErrorCallback                    0x08002117   Thumb Code     2  stm32g4xx_hal_adc.o(i.HAL_ADC_ErrorCallback)
    HAL_ADC_IRQHandler                       0x08002119   Thumb Code   612  stm32g4xx_hal_adc.o(i.HAL_ADC_IRQHandler)
    HAL_ADC_Init                             0x08002385   Thumb Code   466  stm32g4xx_hal_adc.o(i.HAL_ADC_Init)
    HAL_ADC_LevelOutOfWindowCallback         0x08002579   Thumb Code     2  stm32g4xx_hal_adc.o(i.HAL_ADC_LevelOutOfWindowCallback)
    HAL_ADC_MspInit                          0x0800257d   Thumb Code   128  adc.o(i.HAL_ADC_MspInit)
    HAL_CORDIC_Configure                     0x08002601   Thumb Code    66  stm32g4xx_hal_cordic.o(i.HAL_CORDIC_Configure)
    HAL_CORDIC_Init                          0x08002649   Thumb Code    52  stm32g4xx_hal_cordic.o(i.HAL_CORDIC_Init)
    HAL_CORDIC_MspInit                       0x0800267d   Thumb Code    30  cordic.o(i.HAL_CORDIC_MspInit)
    HAL_DMA_Abort                            0x080026a5   Thumb Code   106  stm32g4xx_hal_dma.o(i.HAL_DMA_Abort)
    HAL_DMA_Abort_IT                         0x0800270f   Thumb Code   120  stm32g4xx_hal_dma.o(i.HAL_DMA_Abort_IT)
    HAL_DMA_GetError                         0x08002787   Thumb Code     4  stm32g4xx_hal_dma.o(i.HAL_DMA_GetError)
    HAL_DMA_IRQHandler                       0x0800278b   Thumb Code   186  stm32g4xx_hal_dma.o(i.HAL_DMA_IRQHandler)
    HAL_DMA_Init                             0x08002845   Thumb Code   178  stm32g4xx_hal_dma.o(i.HAL_DMA_Init)
    HAL_DMA_Start_IT                         0x08002905   Thumb Code   140  stm32g4xx_hal_dma.o(i.HAL_DMA_Start_IT)
    HAL_Delay                                0x08002991   Thumb Code    32  stm32g4xx_hal.o(i.HAL_Delay)
    HAL_FDCAN_ActivateNotification           0x080029b5   Thumb Code   224  stm32g4xx_hal_fdcan.o(i.HAL_FDCAN_ActivateNotification)
    HAL_FDCAN_AddMessageToTxFifoQ            0x08002a95   Thumb Code    74  stm32g4xx_hal_fdcan.o(i.HAL_FDCAN_AddMessageToTxFifoQ)
    HAL_FDCAN_ConfigFilter                   0x08002adf   Thumb Code    92  stm32g4xx_hal_fdcan.o(i.HAL_FDCAN_ConfigFilter)
    HAL_FDCAN_ErrorCallback                  0x08002b3b   Thumb Code     2  stm32g4xx_hal_fdcan.o(i.HAL_FDCAN_ErrorCallback)
    HAL_FDCAN_ErrorStatusCallback            0x08002b3d   Thumb Code     2  stm32g4xx_hal_fdcan.o(i.HAL_FDCAN_ErrorStatusCallback)
    HAL_FDCAN_GetRxMessage                   0x08002b41   Thumb Code   270  stm32g4xx_hal_fdcan.o(i.HAL_FDCAN_GetRxMessage)
    HAL_FDCAN_HighPriorityMessageCallback    0x08002c55   Thumb Code     2  stm32g4xx_hal_fdcan.o(i.HAL_FDCAN_HighPriorityMessageCallback)
    HAL_FDCAN_IRQHandler                     0x08002c57   Thumb Code   356  stm32g4xx_hal_fdcan.o(i.HAL_FDCAN_IRQHandler)
    HAL_FDCAN_Init                           0x08002dbd   Thumb Code   498  stm32g4xx_hal_fdcan.o(i.HAL_FDCAN_Init)
    HAL_FDCAN_MspInit                        0x08002fc1   Thumb Code   132  fdcan.o(i.HAL_FDCAN_MspInit)
    HAL_FDCAN_RxFifo0Callback                0x0800304d   Thumb Code    62  my_can.o(i.HAL_FDCAN_RxFifo0Callback)
    HAL_FDCAN_RxFifo1Callback                0x08003095   Thumb Code     2  stm32g4xx_hal_fdcan.o(i.HAL_FDCAN_RxFifo1Callback)
    HAL_FDCAN_Start                          0x08003097   Thumb Code    44  stm32g4xx_hal_fdcan.o(i.HAL_FDCAN_Start)
    HAL_FDCAN_Stop                           0x080030c3   Thumb Code   114  stm32g4xx_hal_fdcan.o(i.HAL_FDCAN_Stop)
    HAL_FDCAN_TimeoutOccurredCallback        0x08003135   Thumb Code     2  stm32g4xx_hal_fdcan.o(i.HAL_FDCAN_TimeoutOccurredCallback)
    HAL_FDCAN_TimestampWraparoundCallback    0x08003137   Thumb Code     2  stm32g4xx_hal_fdcan.o(i.HAL_FDCAN_TimestampWraparoundCallback)
    HAL_FDCAN_TxBufferAbortCallback          0x08003139   Thumb Code     2  stm32g4xx_hal_fdcan.o(i.HAL_FDCAN_TxBufferAbortCallback)
    HAL_FDCAN_TxBufferCompleteCallback       0x0800313b   Thumb Code     2  stm32g4xx_hal_fdcan.o(i.HAL_FDCAN_TxBufferCompleteCallback)
    HAL_FDCAN_TxEventFifoCallback            0x0800313d   Thumb Code     2  stm32g4xx_hal_fdcan.o(i.HAL_FDCAN_TxEventFifoCallback)
    HAL_FDCAN_TxFifoEmptyCallback            0x0800313f   Thumb Code     2  stm32g4xx_hal_fdcan.o(i.HAL_FDCAN_TxFifoEmptyCallback)
    HAL_GPIO_Init                            0x08003141   Thumb Code   550  stm32g4xx_hal_gpio.o(i.HAL_GPIO_Init)
    HAL_GPIO_WritePin                        0x08003389   Thumb Code    10  stm32g4xx_hal_gpio.o(i.HAL_GPIO_WritePin)
    HAL_GetTick                              0x08003395   Thumb Code     6  stm32g4xx_hal.o(i.HAL_GetTick)
    HAL_IncTick                              0x080033a1   Thumb Code    12  stm32g4xx_hal.o(i.HAL_IncTick)
    HAL_Init                                 0x080033b1   Thumb Code    30  stm32g4xx_hal.o(i.HAL_Init)
    HAL_InitTick                             0x080033d1   Thumb Code    58  stm32g4xx_hal.o(i.HAL_InitTick)
    HAL_MspInit                              0x08003415   Thumb Code    42  stm32g4xx_hal_msp.o(i.HAL_MspInit)
    HAL_NVIC_EnableIRQ                       0x08003445   Thumb Code    26  stm32g4xx_hal_cortex.o(i.HAL_NVIC_EnableIRQ)
    HAL_NVIC_SetPriority                     0x08003461   Thumb Code    60  stm32g4xx_hal_cortex.o(i.HAL_NVIC_SetPriority)
    HAL_NVIC_SetPriorityGrouping             0x080034a1   Thumb Code    26  stm32g4xx_hal_cortex.o(i.HAL_NVIC_SetPriorityGrouping)
    HAL_PWREx_ControlVoltageScaling          0x080034c5   Thumb Code   174  stm32g4xx_hal_pwr_ex.o(i.HAL_PWREx_ControlVoltageScaling)
    HAL_PWREx_DisableUCPDDeadBattery         0x08003581   Thumb Code    12  stm32g4xx_hal_pwr_ex.o(i.HAL_PWREx_DisableUCPDDeadBattery)
    HAL_RCCEx_PeriphCLKConfig                0x08003591   Thumb Code   638  stm32g4xx_hal_rcc_ex.o(i.HAL_RCCEx_PeriphCLKConfig)
    HAL_RCC_ClockConfig                      0x08003819   Thumb Code   444  stm32g4xx_hal_rcc.o(i.HAL_RCC_ClockConfig)
    HAL_RCC_GetPCLK1Freq                     0x080039f5   Thumb Code    24  stm32g4xx_hal_rcc.o(i.HAL_RCC_GetPCLK1Freq)
    HAL_RCC_GetPCLK2Freq                     0x08003a19   Thumb Code    24  stm32g4xx_hal_rcc.o(i.HAL_RCC_GetPCLK2Freq)
    HAL_RCC_GetSysClockFreq                  0x08003a3d   Thumb Code    98  stm32g4xx_hal_rcc.o(i.HAL_RCC_GetSysClockFreq)
    HAL_RCC_OscConfig                        0x08003aa9   Thumb Code  1028  stm32g4xx_hal_rcc.o(i.HAL_RCC_OscConfig)
    HAL_SPI_Init                             0x08003ead   Thumb Code   234  stm32g4xx_hal_spi.o(i.HAL_SPI_Init)
    HAL_SPI_MspInit                          0x08003f99   Thumb Code   112  spi.o(i.HAL_SPI_MspInit)
    HAL_SPI_TransmitReceive                  0x08004011   Thumb Code   620  stm32g4xx_hal_spi.o(i.HAL_SPI_TransmitReceive)
    HAL_SYSTICK_Config                       0x0800427d   Thumb Code    40  stm32g4xx_hal_cortex.o(i.HAL_SYSTICK_Config)
    HAL_TIMEx_Break2Callback                 0x080042a5   Thumb Code     2  stm32g4xx_hal_tim_ex.o(i.HAL_TIMEx_Break2Callback)
    HAL_TIMEx_BreakCallback                  0x080042a7   Thumb Code     2  stm32g4xx_hal_tim_ex.o(i.HAL_TIMEx_BreakCallback)
    HAL_TIMEx_CommutCallback                 0x080042a9   Thumb Code     2  stm32g4xx_hal_tim_ex.o(i.HAL_TIMEx_CommutCallback)
    HAL_TIMEx_ConfigBreakDeadTime            0x080042ad   Thumb Code   148  stm32g4xx_hal_tim_ex.o(i.HAL_TIMEx_ConfigBreakDeadTime)
    HAL_TIMEx_DirectionChangeCallback        0x08004349   Thumb Code     2  stm32g4xx_hal_tim_ex.o(i.HAL_TIMEx_DirectionChangeCallback)
    HAL_TIMEx_EncoderIndexCallback           0x0800434b   Thumb Code     2  stm32g4xx_hal_tim_ex.o(i.HAL_TIMEx_EncoderIndexCallback)
    HAL_TIMEx_IndexErrorCallback             0x0800434d   Thumb Code     2  stm32g4xx_hal_tim_ex.o(i.HAL_TIMEx_IndexErrorCallback)
    HAL_TIMEx_MasterConfigSynchronization    0x08004351   Thumb Code   132  stm32g4xx_hal_tim_ex.o(i.HAL_TIMEx_MasterConfigSynchronization)
    HAL_TIMEx_PWMN_Start                     0x080043ed   Thumb Code   158  stm32g4xx_hal_tim_ex.o(i.HAL_TIMEx_PWMN_Start)
    HAL_TIMEx_TransitionErrorCallback        0x080044a5   Thumb Code     2  stm32g4xx_hal_tim_ex.o(i.HAL_TIMEx_TransitionErrorCallback)
    HAL_TIM_Base_Init                        0x080044a7   Thumb Code    98  stm32g4xx_hal_tim.o(i.HAL_TIM_Base_Init)
    HAL_TIM_Base_MspInit                     0x08004509   Thumb Code    72  tim.o(i.HAL_TIM_Base_MspInit)
    HAL_TIM_Base_Start                       0x0800455d   Thumb Code    84  stm32g4xx_hal_tim.o(i.HAL_TIM_Base_Start)
    HAL_TIM_Base_Start_IT                    0x080045c9   Thumb Code    94  stm32g4xx_hal_tim.o(i.HAL_TIM_Base_Start_IT)
    HAL_TIM_ConfigClockSource                0x08004641   Thumb Code   246  stm32g4xx_hal_tim.o(i.HAL_TIM_ConfigClockSource)
    HAL_TIM_IC_CaptureCallback               0x08004741   Thumb Code     2  stm32g4xx_hal_tim.o(i.HAL_TIM_IC_CaptureCallback)
    HAL_TIM_IRQHandler                       0x08004743   Thumb Code   418  stm32g4xx_hal_tim.o(i.HAL_TIM_IRQHandler)
    HAL_TIM_MspPostInit                      0x080048e5   Thumb Code   130  tim.o(i.HAL_TIM_MspPostInit)
    HAL_TIM_OC_DelayElapsedCallback          0x08004975   Thumb Code     2  stm32g4xx_hal_tim.o(i.HAL_TIM_OC_DelayElapsedCallback)
    HAL_TIM_PWM_ConfigChannel                0x08004977   Thumb Code   292  stm32g4xx_hal_tim.o(i.HAL_TIM_PWM_ConfigChannel)
    HAL_TIM_PWM_Init                         0x08004a9b   Thumb Code    98  stm32g4xx_hal_tim.o(i.HAL_TIM_PWM_Init)
    HAL_TIM_PWM_MspInit                      0x08004afd   Thumb Code     2  stm32g4xx_hal_tim.o(i.HAL_TIM_PWM_MspInit)
    HAL_TIM_PWM_PulseFinishedCallback        0x08004aff   Thumb Code     2  stm32g4xx_hal_tim.o(i.HAL_TIM_PWM_PulseFinishedCallback)
    HAL_TIM_PWM_Start                        0x08004b01   Thumb Code   218  stm32g4xx_hal_tim.o(i.HAL_TIM_PWM_Start)
    HAL_TIM_PeriodElapsedCallback            0x08004bfd   Thumb Code    84  my_can.o(i.HAL_TIM_PeriodElapsedCallback)
    HAL_TIM_TriggerCallback                  0x08004c65   Thumb Code     2  stm32g4xx_hal_tim.o(i.HAL_TIM_TriggerCallback)
    HAL_UARTEx_DisableFifoMode               0x08004c67   Thumb Code    62  stm32g4xx_hal_uart_ex.o(i.HAL_UARTEx_DisableFifoMode)
    HAL_UARTEx_RxEventCallback               0x08004ca5   Thumb Code     2  stm32g4xx_hal_uart.o(i.HAL_UARTEx_RxEventCallback)
    HAL_UARTEx_RxFifoFullCallback            0x08004ca7   Thumb Code     2  stm32g4xx_hal_uart_ex.o(i.HAL_UARTEx_RxFifoFullCallback)
    HAL_UARTEx_SetRxFifoThreshold            0x08004ca9   Thumb Code    76  stm32g4xx_hal_uart_ex.o(i.HAL_UARTEx_SetRxFifoThreshold)
    HAL_UARTEx_SetTxFifoThreshold            0x08004cf5   Thumb Code    76  stm32g4xx_hal_uart_ex.o(i.HAL_UARTEx_SetTxFifoThreshold)
    HAL_UARTEx_TxFifoEmptyCallback           0x08004d41   Thumb Code     2  stm32g4xx_hal_uart_ex.o(i.HAL_UARTEx_TxFifoEmptyCallback)
    HAL_UARTEx_WakeupCallback                0x08004d43   Thumb Code     2  stm32g4xx_hal_uart_ex.o(i.HAL_UARTEx_WakeupCallback)
    HAL_UART_DMAStop                         0x08004d45   Thumb Code   148  stm32g4xx_hal_uart.o(i.HAL_UART_DMAStop)
    HAL_UART_ErrorCallback                   0x08004dd9   Thumb Code     2  stm32g4xx_hal_uart.o(i.HAL_UART_ErrorCallback)
    HAL_UART_IRQHandler                      0x08004ddd   Thumb Code   766  stm32g4xx_hal_uart.o(i.HAL_UART_IRQHandler)
    HAL_UART_Init                            0x080050e9   Thumb Code   106  stm32g4xx_hal_uart.o(i.HAL_UART_Init)
    HAL_UART_MspInit                         0x08005155   Thumb Code   220  usart.o(i.HAL_UART_MspInit)
    HAL_UART_Receive_DMA                     0x08005245   Thumb Code    66  stm32g4xx_hal_uart.o(i.HAL_UART_Receive_DMA)
    HAL_UART_RxCpltCallback                  0x0800528d   Thumb Code     2  stm32g4xx_hal_uart.o(i.HAL_UART_RxCpltCallback)
    HAL_UART_RxHalfCpltCallback              0x0800528f   Thumb Code     2  stm32g4xx_hal_uart.o(i.HAL_UART_RxHalfCpltCallback)
    HAL_UART_Transmit_DMA                    0x08005291   Thumb Code   132  stm32g4xx_hal_uart.o(i.HAL_UART_Transmit_DMA)
    HAL_UART_TxCpltCallback                  0x08005321   Thumb Code     2  stm32g4xx_hal_uart.o(i.HAL_UART_TxCpltCallback)
    HAL_UART_TxHalfCpltCallback              0x08005323   Thumb Code     2  stm32g4xx_hal_uart.o(i.HAL_UART_TxHalfCpltCallback)
    HardFault_Handler                        0x08005325   Thumb Code     2  stm32g4xx_it.o(i.HardFault_Handler)
    MT6701_ReadRaw                           0x08005391   Thumb Code    66  mt6701.o(i.MT6701_ReadRaw)
    MX_ADC1_Init                             0x080053dd   Thumb Code   230  adc.o(i.MX_ADC1_Init)
    MX_CORDIC_Init                           0x080054d9   Thumb Code    28  cordic.o(i.MX_CORDIC_Init)
    MX_DMA_Init                              0x080054fd   Thumb Code    72  dma.o(i.MX_DMA_Init)
    MX_FDCAN1_Init                           0x08005549   Thumb Code    72  fdcan.o(i.MX_FDCAN1_Init)
    MX_GPIO_Init                             0x08005599   Thumb Code   152  gpio.o(i.MX_GPIO_Init)
    MX_SPI1_Init                             0x08005639   Thumb Code    70  spi.o(i.MX_SPI1_Init)
    MX_TIM1_Init                             0x08005689   Thumb Code   284  tim.o(i.MX_TIM1_Init)
    MX_TIM7_Init                             0x080057ad   Thumb Code    62  tim.o(i.MX_TIM7_Init)
    MX_USART1_UART_Init                      0x080057f5   Thumb Code    94  usart.o(i.MX_USART1_UART_Init)
    MemManage_Handler                        0x0800585d   Thumb Code     2  stm32g4xx_it.o(i.MemManage_Handler)
    Mode_Task                                0x08005861   Thumb Code   384  motor.o(i.Mode_Task)
    My_Task                                  0x08005a19   Thumb Code    64  motor.o(i.My_Task)
    NMI_Handler                              0x08005a71   Thumb Code     2  stm32g4xx_it.o(i.NMI_Handler)
    PID_I_Control                            0x08005a73   Thumb Code   406  pid.o(i.PID_I_Control)
    PID_Position_Control                     0x08005c09   Thumb Code   240  pid.o(i.PID_Position_Control)
    PID_Speed_Control                        0x08005d0d   Thumb Code   320  pid.o(i.PID_Speed_Control)
    PendSV_Handler                           0x08005e59   Thumb Code     2  stm32g4xx_it.o(i.PendSV_Handler)
    Planner_Position_Init                    0x08005e5b   Thumb Code    18  pid.o(i.Planner_Position_Init)
    Planner_Position_Update                  0x08005e6d   Thumb Code   296  pid.o(i.Planner_Position_Update)
    Planner_Speed_Init                       0x08005fb5   Thumb Code    14  pid.o(i.Planner_Speed_Init)
    Planner_Speed_Update                     0x08005fc5   Thumb Code    90  pid.o(i.Planner_Speed_Update)
    SVC_Handler                              0x08006209   Thumb Code     2  stm32g4xx_it.o(i.SVC_Handler)
    SVPWM_Zero                               0x0800620d   Thumb Code   258  foc.o(i.SVPWM_Zero)
    SysTick_Handler                          0x08006321   Thumb Code     4  stm32g4xx_it.o(i.SysTick_Handler)
    SystemClock_Config                       0x08006325   Thumb Code   100  main.o(i.SystemClock_Config)
    SystemInit                               0x08006389   Thumb Code    12  system_stm32g4xx.o(i.SystemInit)
    TIM7_IRQHandler                          0x08006399   Thumb Code     6  stm32g4xx_it.o(i.TIM7_IRQHandler)
    TIM_Base_SetConfig                       0x080063a5   Thumb Code   160  stm32g4xx_hal_tim.o(i.TIM_Base_SetConfig)
    TIM_CCxChannelCmd                        0x08006461   Thumb Code    26  stm32g4xx_hal_tim.o(i.TIM_CCxChannelCmd)
    TIM_ETR_SetConfig                        0x08006495   Thumb Code    20  stm32g4xx_hal_tim.o(i.TIM_ETR_SetConfig)
    TIM_OC2_SetConfig                        0x08006559   Thumb Code   120  stm32g4xx_hal_tim.o(i.TIM_OC2_SetConfig)
    UART_AdvFeatureConfig                    0x08006875   Thumb Code   200  stm32g4xx_hal_uart.o(i.UART_AdvFeatureConfig)
    UART_CheckIdleState                      0x0800693d   Thumb Code   172  stm32g4xx_hal_uart.o(i.UART_CheckIdleState)
    UART_SetConfig                           0x08006bc5   Thumb Code   582  stm32g4xx_hal_uart.o(i.UART_SetConfig)
    UART_Start_Receive_DMA                   0x08006e39   Thumb Code   156  stm32g4xx_hal_uart.o(i.UART_Start_Receive_DMA)
    UART_WaitOnFlagUntilTimeout              0x08006ee1   Thumb Code   148  stm32g4xx_hal_uart.o(i.UART_WaitOnFlagUntilTimeout)
    USART1_IRQHandler                        0x08006f75   Thumb Code    70  stm32g4xx_it.o(i.USART1_IRQHandler)
    UsageFault_Handler                       0x08006fcd   Thumb Code     2  stm32g4xx_it.o(i.UsageFault_Handler)
    __hardfp_fmod                            0x08006ff1   Thumb Code   254  fmod.o(i.__hardfp_fmod)
    __hardfp_sqrt                            0x080070f5   Thumb Code   122  sqrt.o(i.__hardfp_sqrt)
    __mathlib_dbl_invalid                    0x08007171   Thumb Code    24  dunder.o(i.__mathlib_dbl_invalid)
    __scatterload_copy                       0x08007191   Thumb Code    14  handlers.o(i.__scatterload_copy)
    __scatterload_null                       0x0800719f   Thumb Code     2  handlers.o(i.__scatterload_null)
    __scatterload_zeroinit                   0x080071a1   Thumb Code    14  handlers.o(i.__scatterload_zeroinit)
    __set_errno                              0x080071b1   Thumb Code     6  errno.o(i.__set_errno)
    cordic_config                            0x080071bd   Thumb Code    34  my_cordic.o(i.cordic_config)
    main                                     0x080071e9   Thumb Code    68  main.o(i.main)
    fir_pCoeffs                              0x08007230   Data          76  filter.o(.constdata)
    UARTPrescTable                           0x0800728c   Data          24  stm32g4xx_hal_uart.o(.constdata)
    AHBPrescTable                            0x080072b4   Data          16  system_stm32g4xx.o(.constdata)
    APBPrescTable                            0x080072c4   Data           8  system_stm32g4xx.o(.constdata)
    Region$$Table$$Base                      0x080072cc   Number         0  anon$$obj.o(Region$$Table)
    Region$$Table$$Limit                     0x080072ec   Number         0  anon$$obj.o(Region$$Table)
    ADC1InjectDate                           0x20000000   Data           8  main.o(.data)
    allflag                                  0x20000008   Data           8  main.o(.data)
    rx_len                                   0x20000010   Data           1  start.o(.data)
    fir_numTaps                              0x2000001c   Data           2  filter.o(.data)
    fir_blockSize                            0x20000020   Data           4  filter.o(.data)
    erro_flag                                0x20000024   Data           1  my_can.o(.data)
    IDD                                      0x20000028   Data           2  my_can.o(.data)
    CANFD_TxData                             0x2000002a   Data           8  my_can.o(.data)
    CANFD_RxData                             0x20000032   Data           8  my_can.o(.data)
    uwTickPrio                               0x2000003c   Data           4  stm32g4xx_hal.o(.data)
    uwTickFreq                               0x20000040   Data           4  stm32g4xx_hal.o(.data)
    uwTick                                   0x20000044   Data           4  stm32g4xx_hal.o(.data)
    SystemCoreClock                          0x20000048   Data           4  system_stm32g4xx.o(.data)
    adcvalue                                 0x20000050   Data          80  main.o(.bss)
    encoder_str                              0x200000a0   Data          80  main.o(.bss)
    svpwm_str                                0x200000f0   Data          92  main.o(.bss)
    pid_m1                                   0x2000014c   Data         196  main.o(.bss)
    CanFD_Message                            0x20000210   Data          16  main.o(.bss)
    hadc1                                    0x20000220   Data         108  adc.o(.bss)
    hcordic                                  0x2000028c   Data          40  cordic.o(.bss)
    hfdcan1                                  0x200002b4   Data         100  fdcan.o(.bss)
    hspi1                                    0x20000318   Data         100  spi.o(.bss)
    htim1                                    0x2000037c   Data          76  tim.o(.bss)
    htim7                                    0x200003c8   Data          76  tim.o(.bss)
    huart1                                   0x20000414   Data         148  usart.o(.bss)
    hdma_usart1_tx                           0x200004a8   Data          96  usart.o(.bss)
    hdma_usart1_rx                           0x20000508   Data          96  usart.o(.bss)
    rx_buffer                                0x20000568   Data         100  start.o(.bss)
    sCordicConfig                            0x200005cc   Data          28  my_cordic.o(.bss)
    fir_pStateIa                             0x200005e8   Data          76  filter.o(.bss)
    fir_Ia                                   0x20000634   Data          12  filter.o(.bss)
    TxHeader                                 0x20000640   Data          36  my_can.o(.bss)
    RxHeader                                 0x20000664   Data          40  my_can.o(.bss)
    sFilter                                  0x2000068c   Data          24  my_can.o(.bss)
    __initial_sp                             0x20000aa8   Data           0  startup_stm32g431xx.o(STACK)



==============================================================================

Memory Map of the image

  Image Entry point : 0x080001d9

  Load Region LR_IROM1 (Base: 0x08000000, Size: 0x0000733c, Max: 0x00020000, ABSOLUTE)

    Execution Region ER_IROM1 (Exec base: 0x08000000, Load base: 0x08000000, Size: 0x000072ec, Max: 0x00020000, ABSOLUTE)

    Exec Addr    Load Addr    Size         Type   Attr      Idx    E Section Name        Object

    0x08000000   0x08000000   0x000001d8   Data   RO            3    RESET               startup_stm32g431xx.o
    0x080001d8   0x080001d8   0x00000000   Code   RO         5883  * .ARM.Collect$$$$00000000  mc_w.l(entry.o)
    0x080001d8   0x080001d8   0x00000004   Code   RO         5916    .ARM.Collect$$$$00000001  mc_w.l(entry2.o)
    0x080001dc   0x080001dc   0x00000004   Code   RO         5919    .ARM.Collect$$$$00000004  mc_w.l(entry5.o)
    0x080001e0   0x080001e0   0x00000000   Code   RO         5921    .ARM.Collect$$$$00000008  mc_w.l(entry7b.o)
    0x080001e0   0x080001e0   0x00000000   Code   RO         5923    .ARM.Collect$$$$0000000A  mc_w.l(entry8b.o)
    0x080001e0   0x080001e0   0x00000008   Code   RO         5924    .ARM.Collect$$$$0000000B  mc_w.l(entry9a.o)
    0x080001e8   0x080001e8   0x00000000   Code   RO         5926    .ARM.Collect$$$$0000000D  mc_w.l(entry10a.o)
    0x080001e8   0x080001e8   0x00000000   Code   RO         5928    .ARM.Collect$$$$0000000F  mc_w.l(entry11a.o)
    0x080001e8   0x080001e8   0x00000004   Code   RO         5917    .ARM.Collect$$$$00002712  mc_w.l(entry2.o)
    0x080001ec   0x080001ec   0x00000024   Code   RO            4    .text               startup_stm32g431xx.o
    0x08000210   0x08000210   0x00000062   Code   RO         5886    .text               mc_w.l(uldiv.o)
    0x08000272   0x08000272   0x00000024   Code   RO         5888    .text               mc_w.l(memseta.o)
    0x08000296   0x08000296   0x0000014e   Code   RO         5890    .text               mf_w.l(dadd.o)
    0x080003e4   0x080003e4   0x000000e4   Code   RO         5892    .text               mf_w.l(dmul.o)
    0x080004c8   0x080004c8   0x00000022   Code   RO         5894    .text               mf_w.l(dflti.o)
    0x080004ea   0x080004ea   0x00000026   Code   RO         5896    .text               mf_w.l(f2d.o)
    0x08000510   0x08000510   0x00000030   Code   RO         5898    .text               mf_w.l(cdcmple.o)
    0x08000540   0x08000540   0x00000038   Code   RO         5900    .text               mf_w.l(d2f.o)
    0x08000578   0x08000578   0x0000001e   Code   RO         5930    .text               mc_w.l(llshl.o)
    0x08000596   0x08000596   0x00000020   Code   RO         5932    .text               mc_w.l(llushr.o)
    0x080005b6   0x080005b6   0x00000024   Code   RO         5934    .text               mc_w.l(llsshr.o)
    0x080005da   0x080005da   0x00000000   Code   RO         5943    .text               mc_w.l(iusefp.o)
    0x080005da   0x080005da   0x0000006e   Code   RO         5944    .text               mf_w.l(fepilogue.o)
    0x08000648   0x08000648   0x000000ba   Code   RO         5946    .text               mf_w.l(depilogue.o)
    0x08000702   0x08000702   0x000000a2   Code   RO         5948    .text               mf_w.l(dsqrt.o)
    0x080007a4   0x080007a4   0x00000086   Code   RO         5950    .text               mf_w.l(drem.o)
    0x0800082a   0x0800082a   0x00000002   PAD
    0x0800082c   0x0800082c   0x00000024   Code   RO         5952    .text               mc_w.l(init.o)
    0x08000850   0x08000850   0x000000de   Code   RO         5954    .text               mf_w.l(ddiv.o)
    0x0800092e   0x0800092e   0x00000002   PAD
    0x08000930   0x08000930   0x000004ac   Code   RO         5704    .text.arm_fir_f32   arm_cortexM4lf_math.lib(arm_fir_f32.o)
    0x08000ddc   0x08000ddc   0x00000020   Code   RO         5713    .text.arm_fir_init_f32  arm_cortexM4lf_math.lib(arm_fir_init_f32.o)
    0x08000dfc   0x08000dfc   0x0000000c   Code   RO          581    i.ADC1_2_IRQHandler  stm32g4xx_it.o
    0x08000e08   0x08000e08   0x00000070   Code   RO         1168    i.ADC_Disable       stm32g4xx_hal_adc.o
    0x08000e78   0x08000e78   0x000000ac   Code   RO         1169    i.ADC_Enable        stm32g4xx_hal_adc.o
    0x08000f24   0x08000f24   0x000001e0   Code   RO          948    i.Adc_Task          motor.o
    0x08001104   0x08001104   0x00000024   Code   RO          949    i.Angle_Limit       motor.o
    0x08001128   0x08001128   0x00000002   Code   RO          582    i.BusFault_Handler  stm32g4xx_it.o
    0x0800112a   0x0800112a   0x00000002   PAD
    0x0800112c   0x0800112c   0x0000003c   Code   RO         1108    i.CANFD_Init_Config  my_can.o
    0x08001168   0x08001168   0x00000038   Code   RO         1109    i.CANFD_ReceiveDate  my_can.o
    0x080011a0   0x080011a0   0x00000050   Code   RO         1110    i.CANFD_Send        my_can.o
    0x080011f0   0x080011f0   0x00000060   Code   RO         1020    i.Calculate_Float_Sin_Cos  my_cordic.o
    0x08001250   0x08001250   0x00000074   Code   RO          768    i.Clark_Park        foc.o
    0x080012c4   0x080012c4   0x00000034   Code   RO          950    i.Coridc_Angle      motor.o
    0x080012f8   0x080012f8   0x0000000c   Code   RO          583    i.DMA1_Channel1_IRQHandler  stm32g4xx_it.o
    0x08001304   0x08001304   0x0000000c   Code   RO          584    i.DMA1_Channel2_IRQHandler  stm32g4xx_it.o
    0x08001310   0x08001310   0x00000040   Code   RO         2462    i.DMA_CalcDMAMUXChannelBaseAndMask  stm32g4xx_hal_dma.o
    0x08001350   0x08001350   0x00000024   Code   RO         2463    i.DMA_CalcDMAMUXRequestGenBaseAndMask  stm32g4xx_hal_dma.o
    0x08001374   0x08001374   0x0000003e   Code   RO         2464    i.DMA_SetConfig     stm32g4xx_hal_dma.o
    0x080013b2   0x080013b2   0x00000002   PAD
    0x080013b4   0x080013b4   0x00000218   Code   RO          951    i.Data_Init         motor.o
    0x080015cc   0x080015cc   0x00000002   Code   RO          585    i.DebugMon_Handler  stm32g4xx_it.o
    0x080015ce   0x080015ce   0x00000002   PAD
    0x080015d0   0x080015d0   0x00000050   Code   RO          769    i.ElectAngle_Limit  foc.o
    0x08001620   0x08001620   0x000000b0   Code   RO          736    i.Enable_IT         start.o
    0x080016d0   0x080016d0   0x000001cc   Code   RO          952    i.Encoder_Task      motor.o
    0x0800189c   0x0800189c   0x00000004   Code   RO           13    i.Error_Handler     main.o
    0x080018a0   0x080018a0   0x0000000c   Code   RO          586    i.FDCAN1_IT0_IRQHandler  stm32g4xx_it.o
    0x080018ac   0x080018ac   0x00000064   Code   RO         3231    i.FDCAN_CopyMessageToRAM  stm32g4xx_hal_fdcan.o
    0x08001910   0x08001910   0x00000024   Code   RO         1061    i.FIR_DSP_Init      filter.o
    0x08001934   0x08001934   0x0000001c   Code   RO         1062    i.Filter_DSP_Fir    filter.o
    0x08001950   0x08001950   0x00000094   Code   RO         1402    i.HAL_ADCEx_Calibration_Start  stm32g4xx_hal_adc_ex.o
    0x080019e4   0x080019e4   0x00000002   Code   RO         1406    i.HAL_ADCEx_EndOfSamplingCallback  stm32g4xx_hal_adc_ex.o
    0x080019e6   0x080019e6   0x00000002   PAD
    0x080019e8   0x080019e8   0x00000518   Code   RO         1408    i.HAL_ADCEx_InjectedConfigChannel  stm32g4xx_hal_adc_ex.o
    0x08001f00   0x08001f00   0x0000004c   Code   RO          587    i.HAL_ADCEx_InjectedConvCpltCallback  stm32g4xx_it.o
    0x08001f4c   0x08001f4c   0x00000002   Code   RO         1412    i.HAL_ADCEx_InjectedQueueOverflowCallback  stm32g4xx_hal_adc_ex.o
    0x08001f4e   0x08001f4e   0x00000002   PAD
    0x08001f50   0x08001f50   0x000000e8   Code   RO         1413    i.HAL_ADCEx_InjectedStart  stm32g4xx_hal_adc_ex.o
    0x08002038   0x08002038   0x00000002   Code   RO         1417    i.HAL_ADCEx_LevelOutOfWindow2Callback  stm32g4xx_hal_adc_ex.o
    0x0800203a   0x0800203a   0x00000002   Code   RO         1418    i.HAL_ADCEx_LevelOutOfWindow3Callback  stm32g4xx_hal_adc_ex.o
    0x0800203c   0x0800203c   0x000000d8   Code   RO         1419    i.HAL_ADCEx_MultiModeConfigChannel  stm32g4xx_hal_adc_ex.o
    0x08002114   0x08002114   0x00000002   Code   RO         1172    i.HAL_ADC_ConvCpltCallback  stm32g4xx_hal_adc.o
    0x08002116   0x08002116   0x00000002   Code   RO         1175    i.HAL_ADC_ErrorCallback  stm32g4xx_hal_adc.o
    0x08002118   0x08002118   0x0000026c   Code   RO         1179    i.HAL_ADC_IRQHandler  stm32g4xx_hal_adc.o
    0x08002384   0x08002384   0x000001f4   Code   RO         1180    i.HAL_ADC_Init      stm32g4xx_hal_adc.o
    0x08002578   0x08002578   0x00000002   Code   RO         1181    i.HAL_ADC_LevelOutOfWindowCallback  stm32g4xx_hal_adc.o
    0x0800257a   0x0800257a   0x00000002   PAD
    0x0800257c   0x0800257c   0x00000084   Code   RO          282    i.HAL_ADC_MspInit   adc.o
    0x08002600   0x08002600   0x00000048   Code   RO         3114    i.HAL_CORDIC_Configure  stm32g4xx_hal_cordic.o
    0x08002648   0x08002648   0x00000034   Code   RO         3120    i.HAL_CORDIC_Init   stm32g4xx_hal_cordic.o
    0x0800267c   0x0800267c   0x00000028   Code   RO          324    i.HAL_CORDIC_MspInit  cordic.o
    0x080026a4   0x080026a4   0x0000006a   Code   RO         2465    i.HAL_DMA_Abort     stm32g4xx_hal_dma.o
    0x0800270e   0x0800270e   0x00000078   Code   RO         2466    i.HAL_DMA_Abort_IT  stm32g4xx_hal_dma.o
    0x08002786   0x08002786   0x00000004   Code   RO         2468    i.HAL_DMA_GetError  stm32g4xx_hal_dma.o
    0x0800278a   0x0800278a   0x000000ba   Code   RO         2470    i.HAL_DMA_IRQHandler  stm32g4xx_hal_dma.o
    0x08002844   0x08002844   0x000000c0   Code   RO         2471    i.HAL_DMA_Init      stm32g4xx_hal_dma.o
    0x08002904   0x08002904   0x0000008c   Code   RO         2475    i.HAL_DMA_Start_IT  stm32g4xx_hal_dma.o
    0x08002990   0x08002990   0x00000024   Code   RO         1618    i.HAL_Delay         stm32g4xx_hal.o
    0x080029b4   0x080029b4   0x000000e0   Code   RO         3233    i.HAL_FDCAN_ActivateNotification  stm32g4xx_hal_fdcan.o
    0x08002a94   0x08002a94   0x0000004a   Code   RO         3234    i.HAL_FDCAN_AddMessageToTxFifoQ  stm32g4xx_hal_fdcan.o
    0x08002ade   0x08002ade   0x0000005c   Code   RO         3236    i.HAL_FDCAN_ConfigFilter  stm32g4xx_hal_fdcan.o
    0x08002b3a   0x08002b3a   0x00000002   Code   RO         3257    i.HAL_FDCAN_ErrorCallback  stm32g4xx_hal_fdcan.o
    0x08002b3c   0x08002b3c   0x00000002   Code   RO         3258    i.HAL_FDCAN_ErrorStatusCallback  stm32g4xx_hal_fdcan.o
    0x08002b3e   0x08002b3e   0x00000002   PAD
    0x08002b40   0x08002b40   0x00000114   Code   RO         3267    i.HAL_FDCAN_GetRxMessage  stm32g4xx_hal_fdcan.o
    0x08002c54   0x08002c54   0x00000002   Code   RO         3273    i.HAL_FDCAN_HighPriorityMessageCallback  stm32g4xx_hal_fdcan.o
    0x08002c56   0x08002c56   0x00000164   Code   RO         3274    i.HAL_FDCAN_IRQHandler  stm32g4xx_hal_fdcan.o
    0x08002dba   0x08002dba   0x00000002   PAD
    0x08002dbc   0x08002dbc   0x00000204   Code   RO         3275    i.HAL_FDCAN_Init    stm32g4xx_hal_fdcan.o
    0x08002fc0   0x08002fc0   0x0000008c   Code   RO          390    i.HAL_FDCAN_MspInit  fdcan.o
    0x0800304c   0x0800304c   0x00000048   Code   RO         1111    i.HAL_FDCAN_RxFifo0Callback  my_can.o
    0x08003094   0x08003094   0x00000002   Code   RO         3283    i.HAL_FDCAN_RxFifo1Callback  stm32g4xx_hal_fdcan.o
    0x08003096   0x08003096   0x0000002c   Code   RO         3284    i.HAL_FDCAN_Start   stm32g4xx_hal_fdcan.o
    0x080030c2   0x080030c2   0x00000072   Code   RO         3285    i.HAL_FDCAN_Stop    stm32g4xx_hal_fdcan.o
    0x08003134   0x08003134   0x00000002   Code   RO         3286    i.HAL_FDCAN_TimeoutOccurredCallback  stm32g4xx_hal_fdcan.o
    0x08003136   0x08003136   0x00000002   Code   RO         3287    i.HAL_FDCAN_TimestampWraparoundCallback  stm32g4xx_hal_fdcan.o
    0x08003138   0x08003138   0x00000002   Code   RO         3288    i.HAL_FDCAN_TxBufferAbortCallback  stm32g4xx_hal_fdcan.o
    0x0800313a   0x0800313a   0x00000002   Code   RO         3289    i.HAL_FDCAN_TxBufferCompleteCallback  stm32g4xx_hal_fdcan.o
    0x0800313c   0x0800313c   0x00000002   Code   RO         3290    i.HAL_FDCAN_TxEventFifoCallback  stm32g4xx_hal_fdcan.o
    0x0800313e   0x0800313e   0x00000002   Code   RO         3291    i.HAL_FDCAN_TxFifoEmptyCallback  stm32g4xx_hal_fdcan.o
    0x08003140   0x08003140   0x00000248   Code   RO         2327    i.HAL_GPIO_Init     stm32g4xx_hal_gpio.o
    0x08003388   0x08003388   0x0000000a   Code   RO         2331    i.HAL_GPIO_WritePin  stm32g4xx_hal_gpio.o
    0x08003392   0x08003392   0x00000002   PAD
    0x08003394   0x08003394   0x0000000c   Code   RO         1622    i.HAL_GetTick       stm32g4xx_hal.o
    0x080033a0   0x080033a0   0x00000010   Code   RO         1628    i.HAL_IncTick       stm32g4xx_hal.o
    0x080033b0   0x080033b0   0x0000001e   Code   RO         1629    i.HAL_Init          stm32g4xx_hal.o
    0x080033ce   0x080033ce   0x00000002   PAD
    0x080033d0   0x080033d0   0x00000044   Code   RO         1630    i.HAL_InitTick      stm32g4xx_hal.o
    0x08003414   0x08003414   0x00000030   Code   RO          712    i.HAL_MspInit       stm32g4xx_hal_msp.o
    0x08003444   0x08003444   0x0000001a   Code   RO         2974    i.HAL_NVIC_EnableIRQ  stm32g4xx_hal_cortex.o
    0x0800345e   0x0800345e   0x00000002   PAD
    0x08003460   0x08003460   0x00000040   Code   RO         2980    i.HAL_NVIC_SetPriority  stm32g4xx_hal_cortex.o
    0x080034a0   0x080034a0   0x00000024   Code   RO         2981    i.HAL_NVIC_SetPriorityGrouping  stm32g4xx_hal_cortex.o
    0x080034c4   0x080034c4   0x000000bc   Code   RO         2730    i.HAL_PWREx_ControlVoltageScaling  stm32g4xx_hal_pwr_ex.o
    0x08003580   0x08003580   0x00000010   Code   RO         2742    i.HAL_PWREx_DisableUCPDDeadBattery  stm32g4xx_hal_pwr_ex.o
    0x08003590   0x08003590   0x00000288   Code   RO         1989    i.HAL_RCCEx_PeriphCLKConfig  stm32g4xx_hal_rcc_ex.o
    0x08003818   0x08003818   0x000001dc   Code   RO         1864    i.HAL_RCC_ClockConfig  stm32g4xx_hal_rcc.o
    0x080039f4   0x080039f4   0x00000024   Code   RO         1872    i.HAL_RCC_GetPCLK1Freq  stm32g4xx_hal_rcc.o
    0x08003a18   0x08003a18   0x00000024   Code   RO         1873    i.HAL_RCC_GetPCLK2Freq  stm32g4xx_hal_rcc.o
    0x08003a3c   0x08003a3c   0x0000006c   Code   RO         1874    i.HAL_RCC_GetSysClockFreq  stm32g4xx_hal_rcc.o
    0x08003aa8   0x08003aa8   0x00000404   Code   RO         1877    i.HAL_RCC_OscConfig  stm32g4xx_hal_rcc.o
    0x08003eac   0x08003eac   0x000000ea   Code   RO         3627    i.HAL_SPI_Init      stm32g4xx_hal_spi.o
    0x08003f96   0x08003f96   0x00000002   PAD
    0x08003f98   0x08003f98   0x00000078   Code   RO          432    i.HAL_SPI_MspInit   spi.o
    0x08004010   0x08004010   0x0000026c   Code   RO         3636    i.HAL_SPI_TransmitReceive  stm32g4xx_hal_spi.o
    0x0800427c   0x0800427c   0x00000028   Code   RO         2985    i.HAL_SYSTICK_Config  stm32g4xx_hal_cortex.o
    0x080042a4   0x080042a4   0x00000002   Code   RO         4683    i.HAL_TIMEx_Break2Callback  stm32g4xx_hal_tim_ex.o
    0x080042a6   0x080042a6   0x00000002   Code   RO         4684    i.HAL_TIMEx_BreakCallback  stm32g4xx_hal_tim_ex.o
    0x080042a8   0x080042a8   0x00000002   Code   RO         4685    i.HAL_TIMEx_CommutCallback  stm32g4xx_hal_tim_ex.o
    0x080042aa   0x080042aa   0x00000002   PAD
    0x080042ac   0x080042ac   0x0000009c   Code   RO         4688    i.HAL_TIMEx_ConfigBreakDeadTime  stm32g4xx_hal_tim_ex.o
    0x08004348   0x08004348   0x00000002   Code   RO         4696    i.HAL_TIMEx_DirectionChangeCallback  stm32g4xx_hal_tim_ex.o
    0x0800434a   0x0800434a   0x00000002   Code   RO         4710    i.HAL_TIMEx_EncoderIndexCallback  stm32g4xx_hal_tim_ex.o
    0x0800434c   0x0800434c   0x00000002   Code   RO         4724    i.HAL_TIMEx_IndexErrorCallback  stm32g4xx_hal_tim_ex.o
    0x0800434e   0x0800434e   0x00000002   PAD
    0x08004350   0x08004350   0x0000009c   Code   RO         4725    i.HAL_TIMEx_MasterConfigSynchronization  stm32g4xx_hal_tim_ex.o
    0x080043ec   0x080043ec   0x000000b8   Code   RO         4737    i.HAL_TIMEx_PWMN_Start  stm32g4xx_hal_tim_ex.o
    0x080044a4   0x080044a4   0x00000002   Code   RO         4746    i.HAL_TIMEx_TransitionErrorCallback  stm32g4xx_hal_tim_ex.o
    0x080044a6   0x080044a6   0x00000062   Code   RO         3969    i.HAL_TIM_Base_Init  stm32g4xx_hal_tim.o
    0x08004508   0x08004508   0x00000054   Code   RO          474    i.HAL_TIM_Base_MspInit  tim.o
    0x0800455c   0x0800455c   0x0000006c   Code   RO         3972    i.HAL_TIM_Base_Start  stm32g4xx_hal_tim.o
    0x080045c8   0x080045c8   0x00000078   Code   RO         3974    i.HAL_TIM_Base_Start_IT  stm32g4xx_hal_tim.o
    0x08004640   0x08004640   0x00000100   Code   RO         3978    i.HAL_TIM_ConfigClockSource  stm32g4xx_hal_tim.o
    0x08004740   0x08004740   0x00000002   Code   RO         4003    i.HAL_TIM_IC_CaptureCallback  stm32g4xx_hal_tim.o
    0x08004742   0x08004742   0x000001a2   Code   RO         4017    i.HAL_TIM_IRQHandler  stm32g4xx_hal_tim.o
    0x080048e4   0x080048e4   0x00000090   Code   RO          475    i.HAL_TIM_MspPostInit  tim.o
    0x08004974   0x08004974   0x00000002   Code   RO         4020    i.HAL_TIM_OC_DelayElapsedCallback  stm32g4xx_hal_tim.o
    0x08004976   0x08004976   0x00000124   Code   RO         4041    i.HAL_TIM_PWM_ConfigChannel  stm32g4xx_hal_tim.o
    0x08004a9a   0x08004a9a   0x00000062   Code   RO         4044    i.HAL_TIM_PWM_Init  stm32g4xx_hal_tim.o
    0x08004afc   0x08004afc   0x00000002   Code   RO         4046    i.HAL_TIM_PWM_MspInit  stm32g4xx_hal_tim.o
    0x08004afe   0x08004afe   0x00000002   Code   RO         4047    i.HAL_TIM_PWM_PulseFinishedCallback  stm32g4xx_hal_tim.o
    0x08004b00   0x08004b00   0x000000fc   Code   RO         4049    i.HAL_TIM_PWM_Start  stm32g4xx_hal_tim.o
    0x08004bfc   0x08004bfc   0x00000068   Code   RO         1112    i.HAL_TIM_PeriodElapsedCallback  my_can.o
    0x08004c64   0x08004c64   0x00000002   Code   RO         4060    i.HAL_TIM_TriggerCallback  stm32g4xx_hal_tim.o
    0x08004c66   0x08004c66   0x0000003e   Code   RO         5532    i.HAL_UARTEx_DisableFifoMode  stm32g4xx_hal_uart_ex.o
    0x08004ca4   0x08004ca4   0x00000002   Code   RO         5121    i.HAL_UARTEx_RxEventCallback  stm32g4xx_hal_uart.o
    0x08004ca6   0x08004ca6   0x00000002   Code   RO         5540    i.HAL_UARTEx_RxFifoFullCallback  stm32g4xx_hal_uart_ex.o
    0x08004ca8   0x08004ca8   0x0000004c   Code   RO         5541    i.HAL_UARTEx_SetRxFifoThreshold  stm32g4xx_hal_uart_ex.o
    0x08004cf4   0x08004cf4   0x0000004c   Code   RO         5542    i.HAL_UARTEx_SetTxFifoThreshold  stm32g4xx_hal_uart_ex.o
    0x08004d40   0x08004d40   0x00000002   Code   RO         5544    i.HAL_UARTEx_TxFifoEmptyCallback  stm32g4xx_hal_uart_ex.o
    0x08004d42   0x08004d42   0x00000002   Code   RO         5545    i.HAL_UARTEx_WakeupCallback  stm32g4xx_hal_uart_ex.o
    0x08004d44   0x08004d44   0x00000094   Code   RO         5133    i.HAL_UART_DMAStop  stm32g4xx_hal_uart.o
    0x08004dd8   0x08004dd8   0x00000002   Code   RO         5137    i.HAL_UART_ErrorCallback  stm32g4xx_hal_uart.o
    0x08004dda   0x08004dda   0x00000002   PAD
    0x08004ddc   0x08004ddc   0x0000030c   Code   RO         5140    i.HAL_UART_IRQHandler  stm32g4xx_hal_uart.o
    0x080050e8   0x080050e8   0x0000006a   Code   RO         5141    i.HAL_UART_Init     stm32g4xx_hal_uart.o
    0x08005152   0x08005152   0x00000002   PAD
    0x08005154   0x08005154   0x000000f0   Code   RO          528    i.HAL_UART_MspInit  usart.o
    0x08005244   0x08005244   0x00000048   Code   RO         5145    i.HAL_UART_Receive_DMA  stm32g4xx_hal_uart.o
    0x0800528c   0x0800528c   0x00000002   Code   RO         5148    i.HAL_UART_RxCpltCallback  stm32g4xx_hal_uart.o
    0x0800528e   0x0800528e   0x00000002   Code   RO         5149    i.HAL_UART_RxHalfCpltCallback  stm32g4xx_hal_uart.o
    0x08005290   0x08005290   0x00000090   Code   RO         5151    i.HAL_UART_Transmit_DMA  stm32g4xx_hal_uart.o
    0x08005320   0x08005320   0x00000002   Code   RO         5153    i.HAL_UART_TxCpltCallback  stm32g4xx_hal_uart.o
    0x08005322   0x08005322   0x00000002   Code   RO         5154    i.HAL_UART_TxHalfCpltCallback  stm32g4xx_hal_uart.o
    0x08005324   0x08005324   0x00000002   Code   RO          588    i.HardFault_Handler  stm32g4xx_it.o
    0x08005326   0x08005326   0x0000000c   Code   RO         1427    i.LL_ADC_GetOffsetChannel  stm32g4xx_hal_adc_ex.o
    0x08005332   0x08005332   0x00000008   Code   RO         1195    i.LL_ADC_INJ_IsConversionOngoing  stm32g4xx_hal_adc.o
    0x0800533a   0x0800533a   0x00000008   Code   RO         1428    i.LL_ADC_INJ_IsConversionOngoing  stm32g4xx_hal_adc_ex.o
    0x08005342   0x08005342   0x00000008   Code   RO         1196    i.LL_ADC_REG_IsConversionOngoing  stm32g4xx_hal_adc.o
    0x0800534a   0x0800534a   0x00000008   Code   RO         1429    i.LL_ADC_REG_IsConversionOngoing  stm32g4xx_hal_adc_ex.o
    0x08005352   0x08005352   0x00000010   Code   RO         1197    i.LL_ADC_REG_IsTriggerSourceSWStart  stm32g4xx_hal_adc.o
    0x08005362   0x08005362   0x0000001e   Code   RO         1430    i.LL_ADC_SetChannelSamplingTime  stm32g4xx_hal_adc_ex.o
    0x08005380   0x08005380   0x00000010   Code   RO         1431    i.LL_ADC_SetOffsetState  stm32g4xx_hal_adc_ex.o
    0x08005390   0x08005390   0x0000004c   Code   RO          921    i.MT6701_ReadRaw    mt6701.o
    0x080053dc   0x080053dc   0x000000fc   Code   RO          283    i.MX_ADC1_Init      adc.o
    0x080054d8   0x080054d8   0x00000024   Code   RO          325    i.MX_CORDIC_Init    cordic.o
    0x080054fc   0x080054fc   0x0000004c   Code   RO          365    i.MX_DMA_Init       dma.o
    0x08005548   0x08005548   0x00000050   Code   RO          391    i.MX_FDCAN1_Init    fdcan.o
    0x08005598   0x08005598   0x000000a0   Code   RO          257    i.MX_GPIO_Init      gpio.o
    0x08005638   0x08005638   0x00000050   Code   RO          433    i.MX_SPI1_Init      spi.o
    0x08005688   0x08005688   0x00000124   Code   RO          476    i.MX_TIM1_Init      tim.o
    0x080057ac   0x080057ac   0x00000048   Code   RO          477    i.MX_TIM7_Init      tim.o
    0x080057f4   0x080057f4   0x00000068   Code   RO          529    i.MX_USART1_UART_Init  usart.o
    0x0800585c   0x0800585c   0x00000002   Code   RO          589    i.MemManage_Handler  stm32g4xx_it.o
    0x0800585e   0x0800585e   0x00000002   PAD
    0x08005860   0x08005860   0x000001b8   Code   RO          953    i.Mode_Task         motor.o
    0x08005a18   0x08005a18   0x00000058   Code   RO          954    i.My_Task           motor.o
    0x08005a70   0x08005a70   0x00000002   Code   RO          590    i.NMI_Handler       stm32g4xx_it.o
    0x08005a72   0x08005a72   0x00000196   Code   RO          824    i.PID_I_Control     pid.o
    0x08005c08   0x08005c08   0x00000104   Code   RO          825    i.PID_Position_Control  pid.o
    0x08005d0c   0x08005d0c   0x0000014c   Code   RO          826    i.PID_Speed_Control  pid.o
    0x08005e58   0x08005e58   0x00000002   Code   RO          591    i.PendSV_Handler    stm32g4xx_it.o
    0x08005e5a   0x08005e5a   0x00000012   Code   RO          827    i.Planner_Position_Init  pid.o
    0x08005e6c   0x08005e6c   0x00000148   Code   RO          828    i.Planner_Position_Update  pid.o
    0x08005fb4   0x08005fb4   0x0000000e   Code   RO          829    i.Planner_Speed_Init  pid.o
    0x08005fc2   0x08005fc2   0x00000002   PAD
    0x08005fc4   0x08005fc4   0x00000064   Code   RO          830    i.Planner_Speed_Update  pid.o
    0x08006028   0x08006028   0x00000048   Code   RO         3665    i.SPI_EndRxTxTransaction  stm32g4xx_hal_spi.o
    0x08006070   0x08006070   0x000000e0   Code   RO         3670    i.SPI_WaitFifoStateUntilTimeout  stm32g4xx_hal_spi.o
    0x08006150   0x08006150   0x000000b8   Code   RO         3671    i.SPI_WaitFlagStateUntilTimeout  stm32g4xx_hal_spi.o
    0x08006208   0x08006208   0x00000002   Code   RO          592    i.SVC_Handler       stm32g4xx_it.o
    0x0800620a   0x0800620a   0x00000002   PAD
    0x0800620c   0x0800620c   0x00000114   Code   RO          771    i.SVPWM_Zero        foc.o
    0x08006320   0x08006320   0x00000004   Code   RO          593    i.SysTick_Handler   stm32g4xx_it.o
    0x08006324   0x08006324   0x00000064   Code   RO           14    i.SystemClock_Config  main.o
    0x08006388   0x08006388   0x00000010   Code   RO         5651    i.SystemInit        system_stm32g4xx.o
    0x08006398   0x08006398   0x0000000c   Code   RO          594    i.TIM7_IRQHandler   stm32g4xx_it.o
    0x080063a4   0x080063a4   0x000000bc   Code   RO         4062    i.TIM_Base_SetConfig  stm32g4xx_hal_tim.o
    0x08006460   0x08006460   0x0000001a   Code   RO         4063    i.TIM_CCxChannelCmd  stm32g4xx_hal_tim.o
    0x0800647a   0x0800647a   0x0000001a   Code   RO         4749    i.TIM_CCxNChannelCmd  stm32g4xx_hal_tim_ex.o
    0x08006494   0x08006494   0x00000014   Code   RO         4073    i.TIM_ETR_SetConfig  stm32g4xx_hal_tim.o
    0x080064a8   0x080064a8   0x00000014   Code   RO         4074    i.TIM_ITRx_SetConfig  stm32g4xx_hal_tim.o
    0x080064bc   0x080064bc   0x0000009c   Code   RO         4075    i.TIM_OC1_SetConfig  stm32g4xx_hal_tim.o
    0x08006558   0x08006558   0x00000090   Code   RO         4076    i.TIM_OC2_SetConfig  stm32g4xx_hal_tim.o
    0x080065e8   0x080065e8   0x00000090   Code   RO         4077    i.TIM_OC3_SetConfig  stm32g4xx_hal_tim.o
    0x08006678   0x08006678   0x00000090   Code   RO         4078    i.TIM_OC4_SetConfig  stm32g4xx_hal_tim.o
    0x08006708   0x08006708   0x00000070   Code   RO         4079    i.TIM_OC5_SetConfig  stm32g4xx_hal_tim.o
    0x08006778   0x08006778   0x00000070   Code   RO         4080    i.TIM_OC6_SetConfig  stm32g4xx_hal_tim.o
    0x080067e8   0x080067e8   0x00000022   Code   RO         4082    i.TIM_TI1_ConfigInputStage  stm32g4xx_hal_tim.o
    0x0800680a   0x0800680a   0x00000024   Code   RO         4084    i.TIM_TI2_ConfigInputStage  stm32g4xx_hal_tim.o
    0x0800682e   0x0800682e   0x00000002   PAD
    0x08006830   0x08006830   0x00000044   Code   RO         5546    i.UARTEx_SetNbDataToProcess  stm32g4xx_hal_uart_ex.o
    0x08006874   0x08006874   0x000000c8   Code   RO         5155    i.UART_AdvFeatureConfig  stm32g4xx_hal_uart.o
    0x0800693c   0x0800693c   0x000000ac   Code   RO         5156    i.UART_CheckIdleState  stm32g4xx_hal_uart.o
    0x080069e8   0x080069e8   0x00000014   Code   RO         5157    i.UART_DMAAbortOnError  stm32g4xx_hal_uart.o
    0x080069fc   0x080069fc   0x00000050   Code   RO         5158    i.UART_DMAError     stm32g4xx_hal_uart.o
    0x08006a4c   0x08006a4c   0x00000086   Code   RO         5159    i.UART_DMAReceiveCplt  stm32g4xx_hal_uart.o
    0x08006ad2   0x08006ad2   0x00000020   Code   RO         5161    i.UART_DMARxHalfCplt  stm32g4xx_hal_uart.o
    0x08006af2   0x08006af2   0x00000042   Code   RO         5163    i.UART_DMATransmitCplt  stm32g4xx_hal_uart.o
    0x08006b34   0x08006b34   0x0000000a   Code   RO         5165    i.UART_DMATxHalfCplt  stm32g4xx_hal_uart.o
    0x08006b3e   0x08006b3e   0x00000002   PAD
    0x08006b40   0x08006b40   0x00000054   Code   RO         5167    i.UART_EndRxTransfer  stm32g4xx_hal_uart.o
    0x08006b94   0x08006b94   0x0000002e   Code   RO         5168    i.UART_EndTxTransfer  stm32g4xx_hal_uart.o
    0x08006bc2   0x08006bc2   0x00000002   PAD
    0x08006bc4   0x08006bc4   0x00000274   Code   RO         5173    i.UART_SetConfig    stm32g4xx_hal_uart.o
    0x08006e38   0x08006e38   0x000000a8   Code   RO         5174    i.UART_Start_Receive_DMA  stm32g4xx_hal_uart.o
    0x08006ee0   0x08006ee0   0x00000094   Code   RO         5180    i.UART_WaitOnFlagUntilTimeout  stm32g4xx_hal_uart.o
    0x08006f74   0x08006f74   0x00000058   Code   RO          595    i.USART1_IRQHandler  stm32g4xx_it.o
    0x08006fcc   0x08006fcc   0x00000002   Code   RO          596    i.UsageFault_Handler  stm32g4xx_it.o
    0x08006fce   0x08006fce   0x00000020   Code   RO         2987    i.__NVIC_SetPriority  stm32g4xx_hal_cortex.o
    0x08006fee   0x08006fee   0x00000002   PAD
    0x08006ff0   0x08006ff0   0x00000104   Code   RO         5847    i.__hardfp_fmod     m_wm.l(fmod.o)
    0x080070f4   0x080070f4   0x0000007a   Code   RO         5859    i.__hardfp_sqrt     m_wm.l(sqrt.o)
    0x0800716e   0x0800716e   0x00000002   PAD
    0x08007170   0x08007170   0x00000020   Code   RO         5905    i.__mathlib_dbl_invalid  m_wm.l(dunder.o)
    0x08007190   0x08007190   0x0000000e   Code   RO         5958    i.__scatterload_copy  mc_w.l(handlers.o)
    0x0800719e   0x0800719e   0x00000002   Code   RO         5959    i.__scatterload_null  mc_w.l(handlers.o)
    0x080071a0   0x080071a0   0x0000000e   Code   RO         5960    i.__scatterload_zeroinit  mc_w.l(handlers.o)
    0x080071ae   0x080071ae   0x00000002   PAD
    0x080071b0   0x080071b0   0x0000000c   Code   RO         5938    i.__set_errno       mc_w.l(errno.o)
    0x080071bc   0x080071bc   0x0000002c   Code   RO         1021    i.cordic_config     my_cordic.o
    0x080071e8   0x080071e8   0x00000048   Code   RO           15    i.main              main.o
    0x08007230   0x08007230   0x0000004c   Data   RO         1070    .constdata          filter.o
    0x0800727c   0x0800727c   0x00000010   Data   RO         3292    .constdata          stm32g4xx_hal_fdcan.o
    0x0800728c   0x0800728c   0x00000018   Data   RO         5181    .constdata          stm32g4xx_hal_uart.o
    0x080072a4   0x080072a4   0x00000010   Data   RO         5547    .constdata          stm32g4xx_hal_uart_ex.o
    0x080072b4   0x080072b4   0x00000010   Data   RO         5652    .constdata          system_stm32g4xx.o
    0x080072c4   0x080072c4   0x00000008   Data   RO         5653    .constdata          system_stm32g4xx.o
    0x080072cc   0x080072cc   0x00000020   Data   RO         5956    Region$$Table       anon$$obj.o


    Execution Region RW_IRAM1 (Exec base: 0x20000000, Load base: 0x080072ec, Size: 0x00000aa8, Max: 0x00008000, ABSOLUTE)

    Exec Addr    Load Addr    Size         Type   Attr      Idx    E Section Name        Object

    0x20000000   0x080072ec   0x00000008   Data   RW           22    .data               main.o
    0x20000008   0x080072f4   0x00000008   Data   RW           23    .data               main.o
    0x20000010   0x080072fc   0x00000001   Data   RW          738    .data               start.o
    0x20000011   0x080072fd   0x00000003   PAD
    0x20000014   0x08007300   0x00000008   Data   RW          957    .data               motor.o
    0x2000001c   0x08007308   0x00000008   Data   RW         1073    .data               filter.o
    0x20000024   0x08007310   0x00000016   Data   RW         1114    .data               my_can.o
    0x2000003a   0x08007326   0x00000002   PAD
    0x2000003c   0x08007328   0x0000000c   Data   RW         1649    .data               stm32g4xx_hal.o
    0x20000048   0x08007334   0x00000004   Data   RW         5654    .data               system_stm32g4xx.o
    0x2000004c   0x08007338   0x00000004   Data   RW         5939    .data               mc_w.l(errno.o)
    0x20000050        -       0x00000050   Zero   RW           17    .bss                main.o
    0x200000a0        -       0x00000050   Zero   RW           18    .bss                main.o
    0x200000f0        -       0x0000005c   Zero   RW           19    .bss                main.o
    0x2000014c        -       0x000000c4   Zero   RW           20    .bss                main.o
    0x20000210        -       0x00000010   Zero   RW           21    .bss                main.o
    0x20000220        -       0x0000006c   Zero   RW          284    .bss                adc.o
    0x2000028c        -       0x00000028   Zero   RW          326    .bss                cordic.o
    0x200002b4        -       0x00000064   Zero   RW          392    .bss                fdcan.o
    0x20000318        -       0x00000064   Zero   RW          434    .bss                spi.o
    0x2000037c        -       0x00000098   Zero   RW          478    .bss                tim.o
    0x20000414        -       0x00000154   Zero   RW          532    .bss                usart.o
    0x20000568        -       0x00000064   Zero   RW          737    .bss                start.o
    0x200005cc        -       0x0000001c   Zero   RW         1022    .bss                my_cordic.o
    0x200005e8        -       0x00000058   Zero   RW         1063    .bss                filter.o
    0x20000640        -       0x00000064   Zero   RW         1113    .bss                my_can.o
    0x200006a4   0x0800733c   0x00000004   PAD
    0x200006a8        -       0x00000400   Zero   RW            1    STACK               startup_stm32g431xx.o


==============================================================================

Image component sizes


      Code (inc. data)   RO Data    RW Data    ZI Data      Debug   Object Name

       384         26          0          0        108       1869   adc.o
        76         18          0          0         40       1516   cordic.o
        76          4          0          0          0        790   dma.o
       220         16          0          0        100       1731   fdcan.o
        64         16         76          8         88       2385   filter.o
       472         38          0          0          0      19193   foc.o
       160          8          0          0          0        943   gpio.o
       176          4          0         16        464     734876   main.o
      2092        256          0          8          0       6123   motor.o
        76         10          0          0          0        901   mt6701.o
       372         58          0         22        100       4132   my_can.o
       140         28          0          0         28       1302   my_cordic.o
      1458         74          0          0          0       5798   pid.o
       200         18          0          0        100       1653   spi.o
       176         20          0          1        100       1103   start.o
        36          8        472          0       1024        820   startup_stm32g431xx.o
       162         24          0         12          0       4221   stm32g4xx_hal.o
      1442         66          0          0          0      75005   stm32g4xx_hal_adc.o
      1982         86          0          0          0      77813   stm32g4xx_hal_adc_ex.o
       124          6          0          0          0       1849   stm32g4xx_hal_cordic.o
       198         14          0          0          0      33751   stm32g4xx_hal_cortex.o
       910         30          0          0          0       7009   stm32g4xx_hal_dma.o
      1816         28         16          0          0      17023   stm32g4xx_hal_fdcan.o
       594         34          0          0          0       2300   stm32g4xx_hal_gpio.o
        48          6          0          0          0        838   stm32g4xx_hal_msp.o
       204         18          0          0          0       1377   stm32g4xx_hal_pwr_ex.o
      1684         88          0          0          0       6192   stm32g4xx_hal_rcc.o
       648         10          0          0          0       1848   stm32g4xx_hal_rcc_ex.o
      1334         10          0          0          0       6313   stm32g4xx_hal_spi.o
      2788        282          0          0          0      19283   stm32g4xx_hal_tim.o
       536         58          0          0          0       7639   stm32g4xx_hal_tim_ex.o
      3050        116         24          0          0      38221   stm32g4xx_hal_uart.o
       288          6         16          0          0       5262   stm32g4xx_hal_uart_ex.o
       244         52          0          0          0       8298   stm32g4xx_it.o
        16          4         24          4          0       1087   system_stm32g4xx.o
       592         44          0          0        152       3145   tim.o
       344         30          0          0        340       1968   usart.o

    ----------------------------------------------------------------------
     25228       1614        660         76       2648    1105577   Object Totals
         0          0         32          0          0          0   (incl. Generated)
        46          0          0          5          4          0   (incl. Padding)

    ----------------------------------------------------------------------

      Code (inc. data)   RO Data    RW Data    ZI Data      Debug   Library Member Name

      1196          8          0          0          0       4432   arm_fir_f32.o
        32          0          0          0          0       1072   arm_fir_init_f32.o
        32          8          0          0          0        124   dunder.o
       260          6          0          0          0        144   fmod.o
       122          0          0          0          0        148   sqrt.o
         0          0          0          0          0          0   entry.o
         0          0          0          0          0          0   entry10a.o
         0          0          0          0          0          0   entry11a.o
         8          4          0          0          0          0   entry2.o
         4          0          0          0          0          0   entry5.o
         0          0          0          0          0          0   entry7b.o
         0          0          0          0          0          0   entry8b.o
         8          4          0          0          0          0   entry9a.o
        12          6          0          4          0         68   errno.o
        30          0          0          0          0          0   handlers.o
        36          8          0          0          0         68   init.o
         0          0          0          0          0          0   iusefp.o
        30          0          0          0          0         68   llshl.o
        36          0          0          0          0         68   llsshr.o
        32          0          0          0          0         68   llushr.o
        36          0          0          0          0        108   memseta.o
        98          0          0          0          0         92   uldiv.o
        48          0          0          0          0         68   cdcmple.o
        56          0          0          0          0         88   d2f.o
       334          0          0          0          0        148   dadd.o
       222          0          0          0          0        100   ddiv.o
       186          0          0          0          0        176   depilogue.o
        34          0          0          0          0         76   dflti.o
       228          0          0          0          0         96   dmul.o
       134          0          0          0          0         96   drem.o
       162          0          0          0          0        100   dsqrt.o
        38          0          0          0          0         68   f2d.o
       110          0          0          0          0        168   fepilogue.o

    ----------------------------------------------------------------------
      3532         44          0          4          0       7644   Library Totals
         8          0          0          0          0          0   (incl. Padding)

    ----------------------------------------------------------------------

      Code (inc. data)   RO Data    RW Data    ZI Data      Debug   Library Name

      1228          8          0          0          0       5504   arm_cortexM4lf_math.lib
       414         14          0          0          0        416   m_wm.l
       330         22          0          4          0        540   mc_w.l
      1552          0          0          0          0       1184   mf_w.l

    ----------------------------------------------------------------------
      3532         44          0          4          0       7644   Library Totals

    ----------------------------------------------------------------------

==============================================================================


      Code (inc. data)   RO Data    RW Data    ZI Data      Debug   

     28760       1658        660         80       2648    1093029   Grand Totals
     28760       1658        660         80       2648    1093029   ELF Image Totals
     28760       1658        660         80          0          0   ROM Totals

==============================================================================

    Total RO  Size (Code + RO Data)                29420 (  28.73kB)
    Total RW  Size (RW Data + ZI Data)              2728 (   2.66kB)
    Total ROM Size (Code + RO Data + RW Data)      29500 (  28.81kB)

==============================================================================

